Archive member included to satisfy reference by file (symbol)

/Users/ARMY4EVA/Library/Application Support/Code/User/globalStorage/vexrobotics.vexcode/sdk/cpp/V5/V5_20240223_11_00_00/vexv5/libv5rt.a(v5_startup.c.obj)
                              (vexStartup)
/Users/ARMY4EVA/Library/Application Support/Code/User/globalStorage/vexrobotics.vexcode/sdk/cpp/V5/V5_20240223_11_00_00/vexv5/libv5rt.a(v5_util.c.obj)
                              /Users/ARMY4EVA/Library/Application Support/Code/User/globalStorage/vexrobotics.vexcode/sdk/cpp/V5/V5_20240223_11_00_00/vexv5/libv5rt.a(v5_startup.c.obj) (vexStdlibVersionLinked)
/Users/ARMY4EVA/Library/Application Support/Code/User/globalStorage/vexrobotics.vexcode/sdk/cpp/V5/V5_20240223_11_00_00/vexv5/libv5rt.a(v5_apijump.c.obj)
                              /Users/ARMY4EVA/Library/Application Support/Code/User/globalStorage/vexrobotics.vexcode/sdk/cpp/V5/V5_20240223_11_00_00/vexv5/libv5rt.a(v5_startup.c.obj) (vexPrivateApiEnable)
/Users/ARMY4EVA/Library/Application Support/Code/User/globalStorage/vexrobotics.vexcode/sdk/cpp/V5/V5_20240223_11_00_00/vexv5/libv5rt.a(v5_apiversions.c.obj)
                              /Users/ARMY4EVA/Library/Application Support/Code/User/globalStorage/vexrobotics.vexcode/sdk/cpp/V5/V5_20240223_11_00_00/vexv5/libv5rt.a(v5_apijump.c.obj) (vexSystemVersion)
/Users/ARMY4EVA/Library/Application Support/Code/User/globalStorage/vexrobotics.vexcode/sdk/cpp/V5/V5_20240223_11_00_00/vexv5/libv5rt.a(vex_global.cpp.obj)
                              build/src/PlanA.o (vex::wait(double, vex::timeUnits))
/Users/ARMY4EVA/Library/Application Support/Code/User/globalStorage/vexrobotics.vexcode/sdk/cpp/V5/V5_20240223_11_00_00/vexv5/libv5rt.a(vex_motor.cpp.obj)
                              build/src/robot-config.o (vex::motor::~motor())
/Users/ARMY4EVA/Library/Application Support/Code/User/globalStorage/vexrobotics.vexcode/sdk/cpp/V5/V5_20240223_11_00_00/vexv5/libv5rt.a(vex_imu.cpp.obj)
                              build/src/PlanA.o (vex::inertial::setHeading(double, vex::rotationUnits))
/Users/ARMY4EVA/Library/Application Support/Code/User/globalStorage/vexrobotics.vexcode/sdk/cpp/V5/V5_20240223_11_00_00/vexv5/libv5rt.a(vex_controller.cpp.obj)
                              build/src/robot-config.o (vex::controller::~controller())
/Users/ARMY4EVA/Library/Application Support/Code/User/globalStorage/vexrobotics.vexcode/sdk/cpp/V5/V5_20240223_11_00_00/vexv5/libv5rt.a(vex_task.cpp.obj)
                              build/src/driveCode.o (vex::task::task(int (*)()))
/Users/ARMY4EVA/Library/Application Support/Code/User/globalStorage/vexrobotics.vexcode/sdk/cpp/V5/V5_20240223_11_00_00/vexv5/libv5rt.a(vex_thread.cpp.obj)
                              build/src/display.o (vex::thread::thread(int (*)()))
/Users/ARMY4EVA/Library/Application Support/Code/User/globalStorage/vexrobotics.vexcode/sdk/cpp/V5/V5_20240223_11_00_00/vexv5/libv5rt.a(vex_event.cpp.obj)
                              /Users/ARMY4EVA/Library/Application Support/Code/User/globalStorage/vexrobotics.vexcode/sdk/cpp/V5/V5_20240223_11_00_00/vexv5/libv5rt.a(vex_imu.cpp.obj) (vex::event::init(unsigned long, unsigned long, void (*)()))
/Users/ARMY4EVA/Library/Application Support/Code/User/globalStorage/vexrobotics.vexcode/sdk/cpp/V5/V5_20240223_11_00_00/vexv5/libv5rt.a(vex_mevent.cpp.obj)
                              /Users/ARMY4EVA/Library/Application Support/Code/User/globalStorage/vexrobotics.vexcode/sdk/cpp/V5/V5_20240223_11_00_00/vexv5/libv5rt.a(vex_controller.cpp.obj) (vex::mevent::mevent(unsigned long, unsigned long))
/Users/ARMY4EVA/Library/Application Support/Code/User/globalStorage/vexrobotics.vexcode/sdk/cpp/V5/V5_20240223_11_00_00/vexv5/libv5rt.a(vex_brain.cpp.obj)
                              build/src/robot-config.o (vex::brain::lcd::setCursor(long, long))
/Users/ARMY4EVA/Library/Application Support/Code/User/globalStorage/vexrobotics.vexcode/sdk/cpp/V5/V5_20240223_11_00_00/vexv5/libv5rt.a(vex_competition.cpp.obj)
                              build/src/main.o (vex::competition::competition())
/Users/ARMY4EVA/Library/Application Support/Code/User/globalStorage/vexrobotics.vexcode/sdk/cpp/V5/V5_20240223_11_00_00/vexv5/libv5rt.a(vex_triport.cpp.obj)
                              /Users/ARMY4EVA/Library/Application Support/Code/User/globalStorage/vexrobotics.vexcode/sdk/cpp/V5/V5_20240223_11_00_00/vexv5/libv5rt.a(vex_brain.cpp.obj) (vex::triport::~triport())
/Users/ARMY4EVA/Library/Application Support/Code/User/globalStorage/vexrobotics.vexcode/sdk/cpp/V5/V5_20240223_11_00_00/vexv5/libv5rt.a(vex_color.cpp.obj)
                              /Users/ARMY4EVA/Library/Application Support/Code/User/globalStorage/vexrobotics.vexcode/sdk/cpp/V5/V5_20240223_11_00_00/vexv5/libv5rt.a(vex_brain.cpp.obj) (vex::color::operator unsigned long() const)
/Users/ARMY4EVA/Library/Application Support/Code/User/globalStorage/vexrobotics.vexcode/sdk/cpp/V5/V5_20240223_11_00_00/vexv5/libv5rt.a(vex_timer.cpp.obj)
[...]
Memory Configuration

Name             Origin             Length             Attributes
ps7_ddr_0_S_AXI_BASEADDR 0x0000000003800000 0x0000000004800000
*default*        0x0000000000000000 0xffffffffffffffff

Linker script and memory map

                0x0000000000002000                _STACK_SIZE = DEFINED (_STACK_SIZE)?_STACK_SIZE:0x2000
                0x0000000000100000                _HEAP_SIZE = DEFINED (_HEAP_SIZE)?_HEAP_SIZE:0x100000
                0x0000000000000400                _ABORT_STACK_SIZE = DEFINED (_ABORT_STACK_SIZE)?_ABORT_STACK_SIZE:0x400
                0x0000000000000800                _SUPERVISOR_STACK_SIZE = DEFINED (_SUPERVISOR_STACK_SIZE)?_SUPERVISOR_STACK_SIZE:0x800
                0x0000000000000400                _IRQ_STACK_SIZE = DEFINED (_IRQ_STACK_SIZE)?_IRQ_STACK_SIZE:0x400
                0x0000000000000400                _FIQ_STACK_SIZE = DEFINED (_FIQ_STACK_SIZE)?_FIQ_STACK_SIZE:0x400
                0x0000000000000400                _UNDEF_STACK_SIZE = DEFINED (_UNDEF_STACK_SIZE)?_UNDEF_STACK_SIZE:0x400

.text           0x0000000003800000     0x5678
 *(.vectors)
 *(.boot_data)
 .boot_data     0x0000000003800000       0x20 /Users/ARMY4EVA/Library/Application Support/Code/User/globalStorage/vexrobotics.vexcode/sdk/cpp/V5/V5_20240223_11_00_00/vexv5/libv5rt.a(v5_startup.c.obj)
                0x0000000003800000                vexCodeSig
                0x0000000000000020                . = 0x20
 *(.boot)
 .boot          0x0000000003800020       0xbc /Users/ARMY4EVA/Library/Application Support/Code/User/globalStorage/vexrobotics.vexcode/sdk/cpp/V5/V5_20240223_11_00_00/vexv5/libv5rt.a(v5_startup.c.obj)
                0x0000000003800020                vexStartup
                0x0000000003800100                . = ALIGN (0x40)
 *fill*         0x00000000038000dc       0x24 
 *(.freertos_vectors)
 *(.text)
 *(.text.*)
 .text._Z5linesv
                0x0000000003800100      0x130 build/src/display.o
                0x0000000003800100                lines()
 .text._Z12batteryGraphv
                0x0000000003800230       0xa0 build/src/display.o
                0x0000000003800230                batteryGraph()
 .text._Z9checkTempi
                0x00000000038002d0      0x288 build/src/display.o
                0x00000000038002d0                checkTemp(int)
 .text._Z9tempGraphv
                0x0000000003800558      0x2d0 build/src/display.o
                0x0000000003800558                tempGraph()
 .text._Z11controlMenuv
                0x0000000003800828      0x13c build/src/display.o
                0x0000000003800828                controlMenu()
 .text._Z17screenButtonCheckv
                0x0000000003800964      0x11c build/src/display.o
                0x0000000003800964                screenButtonCheck()
 .text._Z12display_initv
                0x0000000003800a80       0x5c build/src/display.o
                0x0000000003800a80                display_init()
 .text._Z14controllerLoopv
                0x0000000003800adc      0x148 build/src/driveCode.o
                0x0000000003800adc                controllerLoop()
 .text._Z8intakeINv
                0x0000000003800c24       0x18 build/src/driveCode.o
                0x0000000003800c24                intakeIN()
 .text._Z9intakeOUTv
                0x0000000003800c3c       0x18 build/src/driveCode.o
                0x0000000003800c3c                intakeOUT()
 .text._Z10intakeNONEv
                0x0000000003800c54        0xc build/src/driveCode.o
                0x0000000003800c54                intakeNONE()
 .text._Z6mogoUPv
                0x0000000003800c60       0x58 build/src/driveCode.o
                0x0000000003800c60                mogoUP()
 .text._Z8mogoDOWNv
                0x0000000003800cb8       0xd0 build/src/driveCode.o
                0x0000000003800cb8                mogoDOWN()
 .text._Z6liftUPv
                0x0000000003800d88       0x3c build/src/driveCode.o
                0x0000000003800d88                liftUP()
 .text._Z8liftDOWNv
                0x0000000003800dc4       0x18 build/src/driveCode.o
                0x0000000003800dc4                liftDOWN()
 .text._Z8liftNONEv
                0x0000000003800ddc        0xc build/src/driveCode.o
                0x0000000003800ddc                liftNONE()
 .text._Z14controller_regv
                0x0000000003800de8       0xc4 build/src/driveCode.o
                0x0000000003800de8                controller_reg()
 .text._Z14driveCode_Initv
                0x0000000003800eac       0x2c build/src/driveCode.o
                0x0000000003800eac                driveCode_Init()
 .text._Z10autonomousv
                0x0000000003800ed8        0x4 build/src/main.o
                0x0000000003800ed8                autonomous()
 .text._Z11usercontrolv
                0x0000000003800edc       0x34 build/src/main.o
                0x0000000003800edc                usercontrol()
 .text.main     0x0000000003800f10       0x58 build/src/main.o
                0x0000000003800f10                main
 .text._GLOBAL__sub_I_main.cpp
                0x0000000003800f68       0x34 build/src/main.o
 .text._ZN3vex11motor_groupC2IJNS_5motorES2_EEERS2_DpRT_
                0x0000000003800f9c       0x44 build/src/robot-config.o
                0x0000000003800f9c                vex::motor_group::motor_group<vex::motor, vex::motor>(vex::motor&, vex::motor&, vex::motor&)
 .text._Z10robot_initv
                0x0000000003800fe0      0x148 build/src/robot-config.o
                0x0000000003800fe0                robot_init()
 .text._Z8imu_initv
                0x0000000003801128       0xe8 build/src/robot-config.o
                0x0000000003801128                imu_init()
 .text._GLOBAL__sub_I_robot_config.cpp
                0x0000000003801210      0x3fc build/src/robot-config.o
 .text.vexMain  0x000000000380160c       0xb0 /Users/ARMY4EVA/Library/Application Support/Code/User/globalStorage/vexrobotics.vexcode/sdk/cpp/V5/V5_20240223_11_00_00/vexv5/libv5rt.a(v5_startup.c.obj)
                0x000000000380160c                vexMain
 .text.__vex_function_prolog
                0x00000000038016bc       0x18 /Users/ARMY4EVA/Library/Application Support/Code/User/globalStorage/vexrobotics.vexcode/sdk/cpp/V5/V5_20240223_11_00_00/vexv5/libv5rt.a(v5_startup.c.obj)
                0x00000000038016bc                __vex_function_prolog
 .text._init    0x00000000038016d4        0x4 /Users/ARMY4EVA/Library/Application Support/Code/User/globalStorage/vexrobotics.vexcode/sdk/cpp/V5/V5_20240223_11_00_00/vexv5/libv5rt.a(v5_startup.c.obj)
                0x00000000038016d4                _init
 .text._fini    0x00000000038016d8        0x4 /Users/ARMY4EVA/Library/Application Support/Code/User/globalStorage/vexrobotics.vexcode/sdk/cpp/V5/V5_20240223_11_00_00/vexv5/libv5rt.a(v5_startup.c.obj)
                0x00000000038016d8                _fini
 .text.vexStdlibVersionLinked
                0x00000000038016dc        0xc /Users/ARMY4EVA/Library/Application Support/Code/User/globalStorage/vexrobotics.vexcode/sdk/cpp/V5/V5_20240223_11_00_00/vexv5/libv5rt.a(v5_util.c.obj)
                0x00000000038016dc                vexStdlibVersionLinked
 .text.vexStdlibVersionVerify
                0x00000000038016e8       0x30 /Users/ARMY4EVA/Library/Application Support/Code/User/globalStorage/vexrobotics.vexcode/sdk/cpp/V5/V5_20240223_11_00_00/vexv5/libv5rt.a(v5_util.c.obj)
                0x00000000038016e8                vexStdlibVersionVerify
 .text.vexPrivateApiEnable
                0x0000000003801718       0x10 /Users/ARMY4EVA/Library/Application Support/Code/User/globalStorage/vexrobotics.vexcode/sdk/cpp/V5/V5_20240223_11_00_00/vexv5/libv5rt.a(v5_apijump.c.obj)
                0x0000000003801718                vexPrivateApiEnable
 .text.vexStdlibMismatchError
                0x0000000003801728       0x3c /Users/ARMY4EVA/Library/Application Support/Code/User/globalStorage/vexrobotics.vexcode/sdk/cpp/V5/V5_20240223_11_00_00/vexv5/libv5rt.a(v5_apijump.c.obj)
                0x0000000003801728                vexStdlibMismatchError
 .text.vexScratchMemoryPtr
                0x0000000003801764       0x30 /Users/ARMY4EVA/Library/Application Support/Code/User/globalStorage/vexrobotics.vexcode/sdk/cpp/V5/V5_20240223_11_00_00/vexv5/libv5rt.a(v5_apijump.c.obj)
                0x0000000003801764                vexScratchMemoryPtr
 .text.vexTaskAdd
                0x0000000003801794       0x10 /Users/ARMY4EVA/Library/Application Support/Code/User/globalStorage/vexrobotics.vexcode/sdk/cpp/V5/V5_20240223_11_00_00/vexv5/libv5rt.a(v5_apijump.c.obj)
                0x0000000003801794                vexTaskAdd
 .text.vexTasksRun
                0x00000000038017a4       0x10 /Users/ARMY4EVA/Library/Application Support/Code/User/globalStorage/vexrobotics.vexcode/sdk/cpp/V5/V5_20240223_11_00_00/vexv5/libv5rt.a(v5_apijump.c.obj)
                0x00000000038017a4                vexTasksRun
 .text.vexTaskYield
                0x00000000038017b4       0x10 /Users/ARMY4EVA/Library/Application Support/Code/User/globalStorage/vexrobotics.vexcode/sdk/cpp/V5/V5_20240223_11_00_00/vexv5/libv5rt.a(v5_apijump.c.obj)
                0x00000000038017b4                vexTaskYield
 .text.vexTaskCheckTimeslice
                0x00000000038017c4       0x10 /Users/ARMY4EVA/Library/Application Support/Code/User/globalStorage/vexrobotics.vexcode/sdk/cpp/V5/V5_20240223_11_00_00/vexv5/libv5rt.a(v5_apijump.c.obj)
                0x00000000038017c4                vexTaskCheckTimeslice
 .text.vexTaskSleep
                0x00000000038017d4       0x10 /Users/ARMY4EVA/Library/Application Support/Code/User/globalStorage/vexrobotics.vexcode/sdk/cpp/V5/V5_20240223_11_00_00/vexv5/libv5rt.a(v5_apijump.c.obj)
                0x00000000038017d4                vexTaskSleep
 .text.vexTasksDump
                0x00000000038017e4       0x1c /Users/ARMY4EVA/Library/Application Support/Code/User/globalStorage/vexrobotics.vexcode/sdk/cpp/V5/V5_20240223_11_00_00/vexv5/libv5rt.a(v5_apijump.c.obj)
                0x00000000038017e4                vexTasksDump
 .text.vexTaskGetTaskIndex
                0x0000000003801800       0x10 /Users/ARMY4EVA/Library/Application Support/Code/User/globalStorage/vexrobotics.vexcode/sdk/cpp/V5/V5_20240223_11_00_00/vexv5/libv5rt.a(v5_apijump.c.obj)
                0x0000000003801800                vexTaskGetTaskIndex
 .text.vexTaskStopAll
                0x0000000003801810       0x10 /Users/ARMY4EVA/Library/Application Support/Code/User/globalStorage/vexrobotics.vexcode/sdk/cpp/V5/V5_20240223_11_00_00/vexv5/libv5rt.a(v5_apijump.c.obj)
                0x0000000003801810                vexTaskStopAll
 .text.vexTaskRemoveAllUser
                0x0000000003801820       0x34 /Users/ARMY4EVA/Library/Application Support/Code/User/globalStorage/vexrobotics.vexcode/sdk/cpp/V5/V5_20240223_11_00_00/vexv5/libv5rt.a(v5_apijump.c.obj)
                0x0000000003801820                vexTaskRemoveAllUser
 .text.vexTaskCompletionIdSet
                0x0000000003801854       0x10 /Users/ARMY4EVA/Library/Application Support/Code/User/globalStorage/vexrobotics.vexcode/sdk/cpp/V5/V5_20240223_11_00_00/vexv5/libv5rt.a(v5_apijump.c.obj)
                0x0000000003801854                vexTaskCompletionIdSet
 .text.vexTaskStopWithId
                0x0000000003801864       0x10 /Users/ARMY4EVA/Library/Application Support/Code/User/globalStorage/vexrobotics.vexcode/sdk/cpp/V5/V5_20240223_11_00_00/vexv5/libv5rt.a(v5_apijump.c.obj)
                0x0000000003801864                vexTaskStopWithId
 .text.vexCriticalSection
                0x0000000003801874       0x2c /Users/ARMY4EVA/Library/Application Support/Code/User/globalStorage/vexrobotics.vexcode/sdk/cpp/V5/V5_20240223_11_00_00/vexv5/libv5rt.a(v5_apijump.c.obj)
                0x0000000003801874                vexCriticalSection
 .text.vexEventAdd
                0x00000000038018a0       0x34 /Users/ARMY4EVA/Library/Application Support/Code/User/globalStorage/vexrobotics.vexcode/sdk/cpp/V5/V5_20240223_11_00_00/vexv5/libv5rt.a(v5_apijump.c.obj)
                0x00000000038018a0                vexEventAdd
 .text.vexEventUserIndexGet
                0x00000000038018d4       0x1c /Users/ARMY4EVA/Library/Application Support/Code/User/globalStorage/vexrobotics.vexcode/sdk/cpp/V5/V5_20240223_11_00_00/vexv5/libv5rt.a(v5_apijump.c.obj)
                0x00000000038018d4                vexEventUserIndexGet
 .text.vexEventAddWithArg
                0x00000000038018f0       0x3c /Users/ARMY4EVA/Library/Application Support/Code/User/globalStorage/vexrobotics.vexcode/sdk/cpp/V5/V5_20240223_11_00_00/vexv5/libv5rt.a(v5_apijump.c.obj)
                0x00000000038018f0                vexEventAddWithArg
 .text.vexEventsCleanup
                0x000000000380192c       0x2c /Users/ARMY4EVA/Library/Application Support/Code/User/globalStorage/vexrobotics.vexcode/sdk/cpp/V5/V5_20240223_11_00_00/vexv5/libv5rt.a(v5_apijump.c.obj)
                0x000000000380192c                vexEventsCleanup
 .text.vexDebug
                0x0000000003801958       0x38 /Users/ARMY4EVA/Library/Application Support/Code/User/globalStorage/vexrobotics.vexcode/sdk/cpp/V5/V5_20240223_11_00_00/vexv5/libv5rt.a(v5_apijump.c.obj)
                0x0000000003801958                vexDebug
 .text.vex_sprintf
                0x0000000003801990       0x40 /Users/ARMY4EVA/Library/Application Support/Code/User/globalStorage/vexrobotics.vexcode/sdk/cpp/V5/V5_20240223_11_00_00/vexv5/libv5rt.a(v5_apijump.c.obj)
                0x0000000003801990                vex_sprintf
 .text.vex_vsnprintf
                0x00000000038019d0       0x3c /Users/ARMY4EVA/Library/Application Support/Code/User/globalStorage/vexrobotics.vexcode/sdk/cpp/V5/V5_20240223_11_00_00/vexv5/libv5rt.a(v5_apijump.c.obj)
                0x00000000038019d0                vex_vsnprintf
 .text.vexSystemTimeGet
                0x0000000003801a0c       0x1c /Users/ARMY4EVA/Library/Application Support/Code/User/globalStorage/vexrobotics.vexcode/sdk/cpp/V5/V5_20240223_11_00_00/vexv5/libv5rt.a(v5_apijump.c.obj)
                0x0000000003801a0c                vexSystemTimeGet
 .text.vexSystemExitRequest
                0x0000000003801a28       0x1c /Users/ARMY4EVA/Library/Application Support/Code/User/globalStorage/vexrobotics.vexcode/sdk/cpp/V5/V5_20240223_11_00_00/vexv5/libv5rt.a(v5_apijump.c.obj)
                0x0000000003801a28                vexSystemExitRequest
 .text.vexDeviceGetByIndex
                0x0000000003801a44       0x24 /Users/ARMY4EVA/Library/Application Support/Code/User/globalStorage/vexrobotics.vexcode/sdk/cpp/V5/V5_20240223_11_00_00/vexv5/libv5rt.a(v5_apijump.c.obj)
                0x0000000003801a44                vexDeviceGetByIndex
 .text.vexControllerGet
                0x0000000003801a68       0x2c /Users/ARMY4EVA/Library/Application Support/Code/User/globalStorage/vexrobotics.vexcode/sdk/cpp/V5/V5_20240223_11_00_00/vexv5/libv5rt.a(v5_apijump.c.obj)
                0x0000000003801a68                vexControllerGet
 .text.vexDeviceMotorVelocitySet
                0x0000000003801a94       0x2c /Users/ARMY4EVA/Library/Application Support/Code/User/globalStorage/vexrobotics.vexcode/sdk/cpp/V5/V5_20240223_11_00_00/vexv5/libv5rt.a(v5_apijump.c.obj)
                0x0000000003801a94                vexDeviceMotorVelocitySet
 .text.vexDeviceMotorVelocityGet
                0x0000000003801ac0       0x24 /Users/ARMY4EVA/Library/Application Support/Code/User/globalStorage/vexrobotics.vexcode/sdk/cpp/V5/V5_20240223_11_00_00/vexv5/libv5rt.a(v5_apijump.c.obj)
                0x0000000003801ac0                vexDeviceMotorVelocityGet
 .text.vexDeviceMotorActualVelocityGet
                0x0000000003801ae4       0x24 /Users/ARMY4EVA/Library/Application Support/Code/User/globalStorage/vexrobotics.vexcode/sdk/cpp/V5/V5_20240223_11_00_00/vexv5/libv5rt.a(v5_apijump.c.obj)
                0x0000000003801ae4                vexDeviceMotorActualVelocityGet
 .text.vexDeviceMotorModeGet
                0x0000000003801b08       0x24 /Users/ARMY4EVA/Library/Application Support/Code/User/globalStorage/vexrobotics.vexcode/sdk/cpp/V5/V5_20240223_11_00_00/vexv5/libv5rt.a(v5_apijump.c.obj)
                0x0000000003801b08                vexDeviceMotorModeGet
 .text.vexDeviceMotorCurrentLimitSet
                0x0000000003801b2c       0x2c /Users/ARMY4EVA/Library/Application Support/Code/User/globalStorage/vexrobotics.vexcode/sdk/cpp/V5/V5_20240223_11_00_00/vexv5/libv5rt.a(v5_apijump.c.obj)
                0x0000000003801b2c                vexDeviceMotorCurrentLimitSet
 .text.vexDeviceMotorTemperatureGet
                0x0000000003801b58       0x24 /Users/ARMY4EVA/Library/Application Support/Code/User/globalStorage/vexrobotics.vexcode/sdk/cpp/V5/V5_20240223_11_00_00/vexv5/libv5rt.a(v5_apijump.c.obj)
                0x0000000003801b58                vexDeviceMotorTemperatureGet
 .text.vexDeviceMotorZeroPositionFlagGet
                0x0000000003801b7c       0x24 /Users/ARMY4EVA/Library/Application Support/Code/User/globalStorage/vexrobotics.vexcode/sdk/cpp/V5/V5_20240223_11_00_00/vexv5/libv5rt.a(v5_apijump.c.obj)
                0x0000000003801b7c                vexDeviceMotorZeroPositionFlagGet
 .text.vexDeviceMotorReverseFlagSet
                0x0000000003801ba0       0x2c /Users/ARMY4EVA/Library/Application Support/Code/User/globalStorage/vexrobotics.vexcode/sdk/cpp/V5/V5_20240223_11_00_00/vexv5/libv5rt.a(v5_apijump.c.obj)
                0x0000000003801ba0                vexDeviceMotorReverseFlagSet
 .text.vexDeviceMotorEncoderUnitsSet
                0x0000000003801bcc       0x2c /Users/ARMY4EVA/Library/Application Support/Code/User/globalStorage/vexrobotics.vexcode/sdk/cpp/V5/V5_20240223_11_00_00/vexv5/libv5rt.a(v5_apijump.c.obj)
                0x0000000003801bcc                vexDeviceMotorEncoderUnitsSet
 .text.vexDeviceMotorBrakeModeSet
                0x0000000003801bf8       0x2c /Users/ARMY4EVA/Library/Application Support/Code/User/globalStorage/vexrobotics.vexcode/sdk/cpp/V5/V5_20240223_11_00_00/vexv5/libv5rt.a(v5_apijump.c.obj)
                0x0000000003801bf8                vexDeviceMotorBrakeModeSet
 .text.vexDeviceMotorPositionSet
                0x0000000003801c24       0x34 /Users/ARMY4EVA/Library/Application Support/Code/User/globalStorage/vexrobotics.vexcode/sdk/cpp/V5/V5_20240223_11_00_00/vexv5/libv5rt.a(v5_apijump.c.obj)
                0x0000000003801c24                vexDeviceMotorPositionSet
 .text.vexDeviceMotorRelativeTargetSet
                0x0000000003801c58       0x3c /Users/ARMY4EVA/Library/Application Support/Code/User/globalStorage/vexrobotics.vexcode/sdk/cpp/V5/V5_20240223_11_00_00/vexv5/libv5rt.a(v5_apijump.c.obj)
                0x0000000003801c58                vexDeviceMotorRelativeTargetSet
 .text.vexDeviceMotorGearingSet
                0x0000000003801c94       0x2c /Users/ARMY4EVA/Library/Application Support/Code/User/globalStorage/vexrobotics.vexcode/sdk/cpp/V5/V5_20240223_11_00_00/vexv5/libv5rt.a(v5_apijump.c.obj)
                0x0000000003801c94                vexDeviceMotorGearingSet
 .text.vexDeviceMotorGearingGet
                0x0000000003801cc0       0x24 /Users/ARMY4EVA/Library/Application Support/Code/User/globalStorage/vexrobotics.vexcode/sdk/cpp/V5/V5_20240223_11_00_00/vexv5/libv5rt.a(v5_apijump.c.obj)
                0x0000000003801cc0                vexDeviceMotorGearingGet
 .text.vexDeviceImuReset
                0x0000000003801ce4       0x24 /Users/ARMY4EVA/Library/Application Support/Code/User/globalStorage/vexrobotics.vexcode/sdk/cpp/V5/V5_20240223_11_00_00/vexv5/libv5rt.a(v5_apijump.c.obj)
                0x0000000003801ce4                vexDeviceImuReset
 .text.vexDeviceImuHeadingGet
                0x0000000003801d08       0x24 /Users/ARMY4EVA/Library/Application Support/Code/User/globalStorage/vexrobotics.vexcode/sdk/cpp/V5/V5_20240223_11_00_00/vexv5/libv5rt.a(v5_apijump.c.obj)
                0x0000000003801d08                vexDeviceImuHeadingGet
 .text.vexDeviceImuDegreesGet
                0x0000000003801d2c       0x24 /Users/ARMY4EVA/Library/Application Support/Code/User/globalStorage/vexrobotics.vexcode/sdk/cpp/V5/V5_20240223_11_00_00/vexv5/libv5rt.a(v5_apijump.c.obj)
                0x0000000003801d2c                vexDeviceImuDegreesGet
 .text.vexDeviceImuStatusGet
                0x0000000003801d50       0x24 /Users/ARMY4EVA/Library/Application Support/Code/User/globalStorage/vexrobotics.vexcode/sdk/cpp/V5/V5_20240223_11_00_00/vexv5/libv5rt.a(v5_apijump.c.obj)
                0x0000000003801d50                vexDeviceImuStatusGet
 .text.vexDisplayForegroundColor
                0x0000000003801d74       0x24 /Users/ARMY4EVA/Library/Application Support/Code/User/globalStorage/vexrobotics.vexcode/sdk/cpp/V5/V5_20240223_11_00_00/vexv5/libv5rt.a(v5_apijump.c.obj)
                0x0000000003801d74                vexDisplayForegroundColor
 .text.vexDisplayBackgroundColor
                0x0000000003801d98       0x24 /Users/ARMY4EVA/Library/Application Support/Code/User/globalStorage/vexrobotics.vexcode/sdk/cpp/V5/V5_20240223_11_00_00/vexv5/libv5rt.a(v5_apijump.c.obj)
                0x0000000003801d98                vexDisplayBackgroundColor
 .text.vexDisplayBackgroundColorGet
                0x0000000003801dbc       0x1c /Users/ARMY4EVA/Library/Application Support/Code/User/globalStorage/vexrobotics.vexcode/sdk/cpp/V5/V5_20240223_11_00_00/vexv5/libv5rt.a(v5_apijump.c.obj)
                0x0000000003801dbc                vexDisplayBackgroundColorGet
 .text.vexDisplayCopyRect
                0x0000000003801dd8       0x5c /Users/ARMY4EVA/Library/Application Support/Code/User/globalStorage/vexrobotics.vexcode/sdk/cpp/V5/V5_20240223_11_00_00/vexv5/libv5rt.a(v5_apijump.c.obj)
                0x0000000003801dd8                vexDisplayCopyRect
 .text.vexDisplayPixelSet
                0x0000000003801e34       0x38 /Users/ARMY4EVA/Library/Application Support/Code/User/globalStorage/vexrobotics.vexcode/sdk/cpp/V5/V5_20240223_11_00_00/vexv5/libv5rt.a(v5_apijump.c.obj)
                0x0000000003801e34                vexDisplayPixelSet
 .text.vexDisplayLineDraw
                0x0000000003801e6c       0x4c /Users/ARMY4EVA/Library/Application Support/Code/User/globalStorage/vexrobotics.vexcode/sdk/cpp/V5/V5_20240223_11_00_00/vexv5/libv5rt.a(v5_apijump.c.obj)
                0x0000000003801e6c                vexDisplayLineDraw
 .text.vexDisplayRectDraw
                0x0000000003801eb8       0x4c /Users/ARMY4EVA/Library/Application Support/Code/User/globalStorage/vexrobotics.vexcode/sdk/cpp/V5/V5_20240223_11_00_00/vexv5/libv5rt.a(v5_apijump.c.obj)
                0x0000000003801eb8                vexDisplayRectDraw
 .text.vexDisplayRectClear
                0x0000000003801f04       0x4c /Users/ARMY4EVA/Library/Application Support/Code/User/globalStorage/vexrobotics.vexcode/sdk/cpp/V5/V5_20240223_11_00_00/vexv5/libv5rt.a(v5_apijump.c.obj)
                0x0000000003801f04                vexDisplayRectClear
 .text.vexDisplayVPrintf
                0x0000000003801f50       0x50 /Users/ARMY4EVA/Library/Application Support/Code/User/globalStorage/vexrobotics.vexcode/sdk/cpp/V5/V5_20240223_11_00_00/vexv5/libv5rt.a(v5_apijump.c.obj)
                0x0000000003801f50                vexDisplayVPrintf
 .text.vexDisplayTextReference
                0x0000000003801fa0       0x24 /Users/ARMY4EVA/Library/Application Support/Code/User/globalStorage/vexrobotics.vexcode/sdk/cpp/V5/V5_20240223_11_00_00/vexv5/libv5rt.a(v5_apijump.c.obj)
                0x0000000003801fa0                vexDisplayTextReference
 .text.vexDisplayTextSize
                0x0000000003801fc4       0x2c /Users/ARMY4EVA/Library/Application Support/Code/User/globalStorage/vexrobotics.vexcode/sdk/cpp/V5/V5_20240223_11_00_00/vexv5/libv5rt.a(v5_apijump.c.obj)
                0x0000000003801fc4                vexDisplayTextSize
 .text.vexDisplayFontNamedSet
                0x0000000003801ff0       0x24 /Users/ARMY4EVA/Library/Application Support/Code/User/globalStorage/vexrobotics.vexcode/sdk/cpp/V5/V5_20240223_11_00_00/vexv5/libv5rt.a(v5_apijump.c.obj)
                0x0000000003801ff0                vexDisplayFontNamedSet
 .text.vexDisplayStringWidthGet
                0x0000000003802014       0x24 /Users/ARMY4EVA/Library/Application Support/Code/User/globalStorage/vexrobotics.vexcode/sdk/cpp/V5/V5_20240223_11_00_00/vexv5/libv5rt.a(v5_apijump.c.obj)
                0x0000000003802014                vexDisplayStringWidthGet
 .text.vexDisplayPenSizeSet
                0x0000000003802038       0x24 /Users/ARMY4EVA/Library/Application Support/Code/User/globalStorage/vexrobotics.vexcode/sdk/cpp/V5/V5_20240223_11_00_00/vexv5/libv5rt.a(v5_apijump.c.obj)
                0x0000000003802038                vexDisplayPenSizeSet
 .text.vexDisplayPenSizeGet
                0x000000000380205c       0x1c /Users/ARMY4EVA/Library/Application Support/Code/User/globalStorage/vexrobotics.vexcode/sdk/cpp/V5/V5_20240223_11_00_00/vexv5/libv5rt.a(v5_apijump.c.obj)
                0x000000000380205c                vexDisplayPenSizeGet
 .text.vexFileOpen
                0x0000000003802078       0x2c /Users/ARMY4EVA/Library/Application Support/Code/User/globalStorage/vexrobotics.vexcode/sdk/cpp/V5/V5_20240223_11_00_00/vexv5/libv5rt.a(v5_apijump.c.obj)
                0x0000000003802078                vexFileOpen
 .text.vexFileClose
                0x00000000038020a4       0x24 /Users/ARMY4EVA/Library/Application Support/Code/User/globalStorage/vexrobotics.vexcode/sdk/cpp/V5/V5_20240223_11_00_00/vexv5/libv5rt.a(v5_apijump.c.obj)
                0x00000000038020a4                vexFileClose
 .text.vexFileRead
                0x00000000038020c8       0x3c /Users/ARMY4EVA/Library/Application Support/Code/User/globalStorage/vexrobotics.vexcode/sdk/cpp/V5/V5_20240223_11_00_00/vexv5/libv5rt.a(v5_apijump.c.obj)
                0x00000000038020c8                vexFileRead
 .text.vexFileSize
                0x0000000003802104       0x24 /Users/ARMY4EVA/Library/Application Support/Code/User/globalStorage/vexrobotics.vexcode/sdk/cpp/V5/V5_20240223_11_00_00/vexv5/libv5rt.a(v5_apijump.c.obj)
                0x0000000003802104                vexFileSize
 .text.vexSystemStdlibImpureDataAddr
                0x0000000003802128       0x28 /Users/ARMY4EVA/Library/Application Support/Code/User/globalStorage/vexrobotics.vexcode/sdk/cpp/V5/V5_20240223_11_00_00/vexv5/libv5rt.a(v5_apijump.c.obj)
                0x0000000003802128                vexSystemStdlibImpureDataAddr
 .text.vexSystemStdlibImpureDataSize
                0x0000000003802150       0x28 /Users/ARMY4EVA/Library/Application Support/Code/User/globalStorage/vexrobotics.vexcode/sdk/cpp/V5/V5_20240223_11_00_00/vexv5/libv5rt.a(v5_apijump.c.obj)
                0x0000000003802150                vexSystemStdlibImpureDataSize
 .text.vexSystemSaveUserData
                0x0000000003802178       0x3c /Users/ARMY4EVA/Library/Application Support/Code/User/globalStorage/vexrobotics.vexcode/sdk/cpp/V5/V5_20240223_11_00_00/vexv5/libv5rt.a(v5_apijump.c.obj)
                0x0000000003802178                vexSystemSaveUserData
 .text.vexTouchDataGet
                0x00000000038021b4       0x10 /Users/ARMY4EVA/Library/Application Support/Code/User/globalStorage/vexrobotics.vexcode/sdk/cpp/V5/V5_20240223_11_00_00/vexv5/libv5rt.a(v5_apijump.c.obj)
                0x00000000038021b4                vexTouchDataGet
 .text.vexImageBmpRead
                0x00000000038021c4       0x3c /Users/ARMY4EVA/Library/Application Support/Code/User/globalStorage/vexrobotics.vexcode/sdk/cpp/V5/V5_20240223_11_00_00/vexv5/libv5rt.a(v5_apijump.c.obj)
                0x00000000038021c4                vexImageBmpRead
 .text.vexImagePngRead
                0x0000000003802200       0x44 /Users/ARMY4EVA/Library/Application Support/Code/User/globalStorage/vexrobotics.vexcode/sdk/cpp/V5/V5_20240223_11_00_00/vexv5/libv5rt.a(v5_apijump.c.obj)
                0x0000000003802200                vexImagePngRead
 .text.vexDisplayThemeIdGet
                0x0000000003802244       0x38 /Users/ARMY4EVA/Library/Application Support/Code/User/globalStorage/vexrobotics.vexcode/sdk/cpp/V5/V5_20240223_11_00_00/vexv5/libv5rt.a(v5_apijump.c.obj)
                0x0000000003802244                vexDisplayThemeIdGet
 .text.vexBatteryCapacityGet
                0x000000000380227c       0x1c /Users/ARMY4EVA/Library/Application Support/Code/User/globalStorage/vexrobotics.vexcode/sdk/cpp/V5/V5_20240223_11_00_00/vexv5/libv5rt.a(v5_apijump.c.obj)
                0x000000000380227c                vexBatteryCapacityGet
 .text.vexDeviceEventMaskSet
                0x0000000003802298       0x48 /Users/ARMY4EVA/Library/Application Support/Code/User/globalStorage/vexrobotics.vexcode/sdk/cpp/V5/V5_20240223_11_00_00/vexv5/libv5rt.a(v5_apijump.c.obj)
                0x0000000003802298                vexDeviceEventMaskSet
 .text.vexDeviceEventMaskGet
                0x00000000038022e0       0x3c /Users/ARMY4EVA/Library/Application Support/Code/User/globalStorage/vexrobotics.vexcode/sdk/cpp/V5/V5_20240223_11_00_00/vexv5/libv5rt.a(v5_apijump.c.obj)
                0x00000000038022e0                vexDeviceEventMaskGet
 .text.vexSystemVersion
                0x000000000380231c       0x10 /Users/ARMY4EVA/Library/Application Support/Code/User/globalStorage/vexrobotics.vexcode/sdk/cpp/V5/V5_20240223_11_00_00/vexv5/libv5rt.a(v5_apiversions.c.obj)
                0x000000000380231c                vexSystemVersion
 .text.vexStdlibVersion
                0x000000000380232c       0x10 /Users/ARMY4EVA/Library/Application Support/Code/User/globalStorage/vexrobotics.vexcode/sdk/cpp/V5/V5_20240223_11_00_00/vexv5/libv5rt.a(v5_apiversions.c.obj)
                0x000000000380232c                vexStdlibVersion
 *fill*         0x000000000380233c        0x4 
 .text._ZN3vex4waitEdNS_9timeUnitsE
                0x0000000003802340       0x30 /Users/ARMY4EVA/Library/Application Support/Code/User/globalStorage/vexrobotics.vexcode/sdk/cpp/V5/V5_20240223_11_00_00/vexv5/libv5rt.a(vex_global.cpp.obj)
                0x0000000003802340                vex::wait(double, vex::timeUnits)
 .text._ZN3vex5motorD2Ev
                0x0000000003802370       0x20 /Users/ARMY4EVA/Library/Application Support/Code/User/globalStorage/vexrobotics.vexcode/sdk/cpp/V5/V5_20240223_11_00_00/vexv5/libv5rt.a(vex_motor.cpp.obj)
                0x0000000003802370                vex::motor::~motor()
                0x0000000003802370                vex::motor::~motor()
 .text._ZN3vex5motorD0Ev
                0x0000000003802390       0x1c /Users/ARMY4EVA/Library/Application Support/Code/User/globalStorage/vexrobotics.vexcode/sdk/cpp/V5/V5_20240223_11_00_00/vexv5/libv5rt.a(vex_motor.cpp.obj)
                0x0000000003802390                vex::motor::~motor()
 .text._ZN3vex5motor9installedEv
                0x00000000038023ac       0x18 /Users/ARMY4EVA/Library/Application Support/Code/User/globalStorage/vexrobotics.vexcode/sdk/cpp/V5/V5_20240223_11_00_00/vexv5/libv5rt.a(vex_motor.cpp.obj)
                0x00000000038023ac                vex::motor::installed()
 .text._ZN3vex5motor15defaultStoppingENS_9brakeTypeE
                0x00000000038023c4       0x30 /Users/ARMY4EVA/Library/Application Support/Code/User/globalStorage/vexrobotics.vexcode/sdk/cpp/V5/V5_20240223_11_00_00/vexv5/libv5rt.a(vex_motor.cpp.obj)
                0x00000000038023c4                vex::motor::defaultStopping(vex::brakeType)
 .text._ZN3vex5motor11setStoppingENS_9brakeTypeE
                0x00000000038023f4        0x4 /Users/ARMY4EVA/Library/Application Support/Code/User/globalStorage/vexrobotics.vexcode/sdk/cpp/V5/V5_20240223_11_00_00/vexv5/libv5rt.a(vex_motor.cpp.obj)
                0x00000000038023f4                vex::motor::setStopping(vex::brakeType)
 .text._ZN3vex5motorC2El
                0x00000000038023f8       0x78 /Users/ARMY4EVA/Library/Application Support/Code/User/globalStorage/vexrobotics.vexcode/sdk/cpp/V5/V5_20240223_11_00_00/vexv5/libv5rt.a(vex_motor.cpp.obj)
                0x00000000038023f8                vex::motor::motor(long)
                0x00000000038023f8                vex::motor::motor(long)
 .text._ZN3vex5motorC2ElNS_11gearSettingEb
                0x0000000003802470       0x34 /Users/ARMY4EVA/Library/Application Support/Code/User/globalStorage/vexrobotics.vexcode/sdk/cpp/V5/V5_20240223_11_00_00/vexv5/libv5rt.a(vex_motor.cpp.obj)
                0x0000000003802470                vex::motor::motor(long, vex::gearSetting, bool)
                0x0000000003802470                vex::motor::motor(long, vex::gearSetting, bool)
 .text._ZN3vex5motor14isSpinningModeEv
                0x00000000038024a4       0x48 /Users/ARMY4EVA/Library/Application Support/Code/User/globalStorage/vexrobotics.vexcode/sdk/cpp/V5/V5_20240223_11_00_00/vexv5/libv5rt.a(vex_motor.cpp.obj)
                0x00000000038024a4                vex::motor::isSpinningMode()
 .text._ZN3vex5motor10isSpinningEv
                0x00000000038024ec       0x44 /Users/ARMY4EVA/Library/Application Support/Code/User/globalStorage/vexrobotics.vexcode/sdk/cpp/V5/V5_20240223_11_00_00/vexv5/libv5rt.a(vex_motor.cpp.obj)
                0x00000000038024ec                vex::motor::isSpinning()
 .text._ZN3vex5motor4stopENS_9brakeTypeE
                0x0000000003802530       0x30 /Users/ARMY4EVA/Library/Application Support/Code/User/globalStorage/vexrobotics.vexcode/sdk/cpp/V5/V5_20240223_11_00_00/vexv5/libv5rt.a(vex_motor.cpp.obj)
                0x0000000003802530                vex::motor::stop(vex::brakeType)
 .text._ZN3vex5motor4stopEv
                0x0000000003802560        0x8 /Users/ARMY4EVA/Library/Application Support/Code/User/globalStorage/vexrobotics.vexcode/sdk/cpp/V5/V5_20240223_11_00_00/vexv5/libv5rt.a(vex_motor.cpp.obj)
                0x0000000003802560                vex::motor::stop()
 .text._ZN3vex5motor12setMaxTorqueEdNS_12percentUnitsE
                0x0000000003802568       0x88 /Users/ARMY4EVA/Library/Application Support/Code/User/globalStorage/vexrobotics.vexcode/sdk/cpp/V5/V5_20240223_11_00_00/vexv5/libv5rt.a(vex_motor.cpp.obj)
                0x0000000003802568                vex::motor::setMaxTorque(double, vex::percentUnits)
 .text._ZN3vex5motor11temperatureENS_12percentUnitsE
                0x00000000038025f0       0x68 /Users/ARMY4EVA/Library/Application Support/Code/User/globalStorage/vexrobotics.vexcode/sdk/cpp/V5/V5_20240223_11_00_00/vexv5/libv5rt.a(vex_motor.cpp.obj)
                0x00000000038025f0                vex::motor::temperature(vex::percentUnits)
 .text._ZN3vex5motor16velocityToScaledEdNS_13velocityUnitsE
                0x0000000003802658       0x5c /Users/ARMY4EVA/Library/Application Support/Code/User/globalStorage/vexrobotics.vexcode/sdk/cpp/V5/V5_20240223_11_00_00/vexv5/libv5rt.a(vex_motor.cpp.obj)
                0x0000000003802658                vex::motor::velocityToScaled(double, vex::velocityUnits)
 .text._ZN3vex5motor8velocityENS_13velocityUnitsE
                0x00000000038026b4       0x30 /Users/ARMY4EVA/Library/Application Support/Code/User/globalStorage/vexrobotics.vexcode/sdk/cpp/V5/V5_20240223_11_00_00/vexv5/libv5rt.a(vex_motor.cpp.obj)
                0x00000000038026b4                vex::motor::velocity(vex::velocityUnits)
 .text._ZN3vex5motor5valueEv
                0x00000000038026e4       0x1c /Users/ARMY4EVA/Library/Application Support/Code/User/globalStorage/vexrobotics.vexcode/sdk/cpp/V5/V5_20240223_11_00_00/vexv5/libv5rt.a(vex_motor.cpp.obj)
                0x00000000038026e4                vex::motor::value()
 .text._ZN3vex5motor16scaledToVelocityEdNS_13velocityUnitsE
                0x0000000003802700       0xa4 /Users/ARMY4EVA/Library/Application Support/Code/User/globalStorage/vexrobotics.vexcode/sdk/cpp/V5/V5_20240223_11_00_00/vexv5/libv5rt.a(vex_motor.cpp.obj)
                0x0000000003802700                vex::motor::scaledToVelocity(double, vex::velocityUnits)
 .text._ZN3vex5motor4spinENS_13directionTypeEdNS_13velocityUnitsE
                0x00000000038027a4       0x5c /Users/ARMY4EVA/Library/Application Support/Code/User/globalStorage/vexrobotics.vexcode/sdk/cpp/V5/V5_20240223_11_00_00/vexv5/libv5rt.a(vex_motor.cpp.obj)
                0x00000000038027a4                vex::motor::spin(vex::directionType, double, vex::velocityUnits)
 .text._ZN3vex5motor4spinENS_13directionTypeE
                0x0000000003802800       0x28 /Users/ARMY4EVA/Library/Application Support/Code/User/globalStorage/vexrobotics.vexcode/sdk/cpp/V5/V5_20240223_11_00_00/vexv5/libv5rt.a(vex_motor.cpp.obj)
                0x0000000003802800                vex::motor::spin(vex::directionType)
 .text._ZN3vex5motor11setVelocityEdNS_13velocityUnitsE
                0x0000000003802828       0x54 /Users/ARMY4EVA/Library/Application Support/Code/User/globalStorage/vexrobotics.vexcode/sdk/cpp/V5/V5_20240223_11_00_00/vexv5/libv5rt.a(vex_motor.cpp.obj)
                0x0000000003802828                vex::motor::setVelocity(double, vex::velocityUnits)
 .text._ZN3vex5motor16setRotationUnitsENS_13rotationUnitsE
                0x000000000380287c       0x1c /Users/ARMY4EVA/Library/Application Support/Code/User/globalStorage/vexrobotics.vexcode/sdk/cpp/V5/V5_20240223_11_00_00/vexv5/libv5rt.a(vex_motor.cpp.obj)
                0x000000000380287c                vex::motor::setRotationUnits(vex::rotationUnits)
 .text._ZN3vex5motor7spinForEdNS_13rotationUnitsEdNS_13velocityUnitsEb
                0x0000000003802898       0xf4 /Users/ARMY4EVA/Library/Application Support/Code/User/globalStorage/vexrobotics.vexcode/sdk/cpp/V5/V5_20240223_11_00_00/vexv5/libv5rt.a(vex_motor.cpp.obj)
                0x0000000003802898                vex::motor::spinFor(double, vex::rotationUnits, double, vex::velocityUnits, bool)
 .text._ZN3vex5motor7spinForENS_13directionTypeEdNS_13rotationUnitsEdNS_13velocityUnitsEb
                0x000000000380298c       0x34 /Users/ARMY4EVA/Library/Application Support/Code/User/globalStorage/vexrobotics.vexcode/sdk/cpp/V5/V5_20240223_11_00_00/vexv5/libv5rt.a(vex_motor.cpp.obj)
                0x000000000380298c                vex::motor::spinFor(vex::directionType, double, vex::rotationUnits, double, vex::velocityUnits, bool)
 .text._ZN3vex5motor7spinForENS_13directionTypeEdNS_13rotationUnitsEb
                0x00000000038029c0       0x3c /Users/ARMY4EVA/Library/Application Support/Code/User/globalStorage/vexrobotics.vexcode/sdk/cpp/V5/V5_20240223_11_00_00/vexv5/libv5rt.a(vex_motor.cpp.obj)
                0x00000000038029c0                vex::motor::spinFor(vex::directionType, double, vex::rotationUnits, bool)
 .text._ZN3vex8inertial11getTurnTypeEv
                0x00000000038029fc        0x8 /Users/ARMY4EVA/Library/Application Support/Code/User/globalStorage/vexrobotics.vexcode/sdk/cpp/V5/V5_20240223_11_00_00/vexv5/libv5rt.a(vex_imu.cpp.obj)
                0x00000000038029fc                vex::inertial::getTurnType()
 .text._ZThn16_N3vex8inertial11getTurnTypeEv
                0x0000000003802a04        0x8 /Users/ARMY4EVA/Library/Application Support/Code/User/globalStorage/vexrobotics.vexcode/sdk/cpp/V5/V5_20240223_11_00_00/vexv5/libv5rt.a(vex_imu.cpp.obj)
                0x0000000003802a04                non-virtual thunk to vex::inertial::getTurnType()
 *fill*         0x0000000003802a0c        0x4 
 .text._ZN3vex8inertial10setHeadingEdNS_13rotationUnitsE
                0x0000000003802a10       0x58 /Users/ARMY4EVA/Library/Application Support/Code/User/globalStorage/vexrobotics.vexcode/sdk/cpp/V5/V5_20240223_11_00_00/vexv5/libv5rt.a(vex_imu.cpp.obj)
                0x0000000003802a10                vex::inertial::setHeading(double, vex::rotationUnits)
 .text._ZThn16_N3vex8inertial10setHeadingEdNS_13rotationUnitsE
                0x0000000003802a68        0x8 /Users/ARMY4EVA/Library/Application Support/Code/User/globalStorage/vexrobotics.vexcode/sdk/cpp/V5/V5_20240223_11_00_00/vexv5/libv5rt.a(vex_imu.cpp.obj)
                0x0000000003802a68                non-virtual thunk to vex::inertial::setHeading(double, vex::rotationUnits)
 .text._ZN3vex8inertial11setRotationEdNS_13rotationUnitsE
                0x0000000003802a70       0x58 /Users/ARMY4EVA/Library/Application Support/Code/User/globalStorage/vexrobotics.vexcode/sdk/cpp/V5/V5_20240223_11_00_00/vexv5/libv5rt.a(vex_imu.cpp.obj)
                0x0000000003802a70                vex::inertial::setRotation(double, vex::rotationUnits)
 .text._ZThn16_N3vex8inertial11setRotationEdNS_13rotationUnitsE
                0x0000000003802ac8        0x8 /Users/ARMY4EVA/Library/Application Support/Code/User/globalStorage/vexrobotics.vexcode/sdk/cpp/V5/V5_20240223_11_00_00/vexv5/libv5rt.a(vex_imu.cpp.obj)
                0x0000000003802ac8                non-virtual thunk to vex::inertial::setRotation(double, vex::rotationUnits)
 .text._ZN3vex8inertialD2Ev
                0x0000000003802ad0       0x20 /Users/ARMY4EVA/Library/Application Support/Code/User/globalStorage/vexrobotics.vexcode/sdk/cpp/V5/V5_20240223_11_00_00/vexv5/libv5rt.a(vex_imu.cpp.obj)
                0x0000000003802ad0                vex::inertial::~inertial()
                0x0000000003802ad0                vex::inertial::~inertial()
 .text._ZThn16_N3vex8inertialD1Ev
                0x0000000003802af0        0x8 /Users/ARMY4EVA/Library/Application Support/Code/User/globalStorage/vexrobotics.vexcode/sdk/cpp/V5/V5_20240223_11_00_00/vexv5/libv5rt.a(vex_imu.cpp.obj)
                0x0000000003802af0                non-virtual thunk to vex::inertial::~inertial()
 .text._ZN3vex8inertialD0Ev
                0x0000000003802af8       0x1c /Users/ARMY4EVA/Library/Application Support/Code/User/globalStorage/vexrobotics.vexcode/sdk/cpp/V5/V5_20240223_11_00_00/vexv5/libv5rt.a(vex_imu.cpp.obj)
                0x0000000003802af8                vex::inertial::~inertial()
 .text._ZThn16_N3vex8inertialD0Ev
                0x0000000003802b14        0x8 /Users/ARMY4EVA/Library/Application Support/Code/User/globalStorage/vexrobotics.vexcode/sdk/cpp/V5/V5_20240223_11_00_00/vexv5/libv5rt.a(vex_imu.cpp.obj)
                0x0000000003802b14                non-virtual thunk to vex::inertial::~inertial()
 .text._ZN3vex8inertial9installedEv
                0x0000000003802b1c       0x18 /Users/ARMY4EVA/Library/Application Support/Code/User/globalStorage/vexrobotics.vexcode/sdk/cpp/V5/V5_20240223_11_00_00/vexv5/libv5rt.a(vex_imu.cpp.obj)
                0x0000000003802b1c                vex::inertial::installed()
 .text._ZN3vex8inertial5angleENS_13rotationUnitsE
                0x0000000003802b34       0x6c /Users/ARMY4EVA/Library/Application Support/Code/User/globalStorage/vexrobotics.vexcode/sdk/cpp/V5/V5_20240223_11_00_00/vexv5/libv5rt.a(vex_imu.cpp.obj)
                0x0000000003802b34                vex::inertial::angle(vex::rotationUnits)
 .text._ZThn16_N3vex8inertial5angleENS_13rotationUnitsE
                0x0000000003802ba0        0x8 /Users/ARMY4EVA/Library/Application Support/Code/User/globalStorage/vexrobotics.vexcode/sdk/cpp/V5/V5_20240223_11_00_00/vexv5/libv5rt.a(vex_imu.cpp.obj)
                0x0000000003802ba0                non-virtual thunk to vex::inertial::angle(vex::rotationUnits)
 .text._ZN3vex8inertial7headingENS_13rotationUnitsE
                0x0000000003802ba8        0x4 /Users/ARMY4EVA/Library/Application Support/Code/User/globalStorage/vexrobotics.vexcode/sdk/cpp/V5/V5_20240223_11_00_00/vexv5/libv5rt.a(vex_imu.cpp.obj)
                0x0000000003802ba8                vex::inertial::heading(vex::rotationUnits)
 .text._ZThn16_N3vex8inertial7headingENS_13rotationUnitsE
                0x0000000003802bac        0x8 /Users/ARMY4EVA/Library/Application Support/Code/User/globalStorage/vexrobotics.vexcode/sdk/cpp/V5/V5_20240223_11_00_00/vexv5/libv5rt.a(vex_imu.cpp.obj)
                0x0000000003802bac                non-virtual thunk to vex::inertial::heading(vex::rotationUnits)
 .text._ZN3vex8inertial5valueEv
                0x0000000003802bb4       0x1c /Users/ARMY4EVA/Library/Application Support/Code/User/globalStorage/vexrobotics.vexcode/sdk/cpp/V5/V5_20240223_11_00_00/vexv5/libv5rt.a(vex_imu.cpp.obj)
                0x0000000003802bb4                vex::inertial::value()
 .text._ZN3vex8inertial8rotationENS_13rotationUnitsE
                0x0000000003802bd0       0x48 /Users/ARMY4EVA/Library/Application Support/Code/User/globalStorage/vexrobotics.vexcode/sdk/cpp/V5/V5_20240223_11_00_00/vexv5/libv5rt.a(vex_imu.cpp.obj)
                0x0000000003802bd0                vex::inertial::rotation(vex::rotationUnits)
 .text._ZThn16_N3vex8inertial8rotationENS_13rotationUnitsE
                0x0000000003802c18        0x8 /Users/ARMY4EVA/Library/Application Support/Code/User/globalStorage/vexrobotics.vexcode/sdk/cpp/V5/V5_20240223_11_00_00/vexv5/libv5rt.a(vex_imu.cpp.obj)
                0x0000000003802c18                non-virtual thunk to vex::inertial::rotation(vex::rotationUnits)
 .text._ZN3vex8inertial13isCalibratingEv
                0x0000000003802c20       0x38 /Users/ARMY4EVA/Library/Application Support/Code/User/globalStorage/vexrobotics.vexcode/sdk/cpp/V5/V5_20240223_11_00_00/vexv5/libv5rt.a(vex_imu.cpp.obj)
                0x0000000003802c20                vex::inertial::isCalibrating()
 .text._ZThn16_N3vex8inertial13isCalibratingEv
                0x0000000003802c58        0x8 /Users/ARMY4EVA/Library/Application Support/Code/User/globalStorage/vexrobotics.vexcode/sdk/cpp/V5/V5_20240223_11_00_00/vexv5/libv5rt.a(vex_imu.cpp.obj)
                0x0000000003802c58                non-virtual thunk to vex::inertial::isCalibrating()
 .text._ZN3vex8inertialC2ElNS_8turnTypeE
                0x0000000003802c60       0x4c /Users/ARMY4EVA/Library/Application Support/Code/User/globalStorage/vexrobotics.vexcode/sdk/cpp/V5/V5_20240223_11_00_00/vexv5/libv5rt.a(vex_imu.cpp.obj)
                0x0000000003802c60                vex::inertial::inertial(long, vex::turnType)
                0x0000000003802c60                vex::inertial::inertial(long, vex::turnType)
 .text._ZN3vex8inertial16startCalibrationEl
                0x0000000003802cac       0x20 /Users/ARMY4EVA/Library/Application Support/Code/User/globalStorage/vexrobotics.vexcode/sdk/cpp/V5/V5_20240223_11_00_00/vexv5/libv5rt.a(vex_imu.cpp.obj)
                0x0000000003802cac                vex::inertial::startCalibration(long)
 .text._ZN3vex8inertial9calibrateEl
                0x0000000003802ccc        0xc /Users/ARMY4EVA/Library/Application Support/Code/User/globalStorage/vexrobotics.vexcode/sdk/cpp/V5/V5_20240223_11_00_00/vexv5/libv5rt.a(vex_imu.cpp.obj)
                0x0000000003802ccc                vex::inertial::calibrate(long)
                0x0000000003802cd0                non-virtual thunk to vex::inertial::calibrate(long)
 .text._ZN3vex10controllerD2Ev
                0x0000000003802cd8        0x4 /Users/ARMY4EVA/Library/Application Support/Code/User/globalStorage/vexrobotics.vexcode/sdk/cpp/V5/V5_20240223_11_00_00/vexv5/libv5rt.a(vex_controller.cpp.obj)
                0x0000000003802cd8                vex::controller::~controller()
                0x0000000003802cd8                vex::controller::~controller()
 .text._ZN3vex10controller5valueE19_V5_ControllerIndex
                0x0000000003802cdc        0x8 /Users/ARMY4EVA/Library/Application Support/Code/User/globalStorage/vexrobotics.vexcode/sdk/cpp/V5/V5_20240223_11_00_00/vexv5/libv5rt.a(vex_controller.cpp.obj)
                0x0000000003802cdc                vex::controller::value(_V5_ControllerIndex)
 .text._ZNK3vex10controller6button7pressedEPFvvE
                0x0000000003802ce4      0x108 /Users/ARMY4EVA/Library/Application Support/Code/User/globalStorage/vexrobotics.vexcode/sdk/cpp/V5/V5_20240223_11_00_00/vexv5/libv5rt.a(vex_controller.cpp.obj)
                0x0000000003802ce4                vex::controller::button::pressed(void (*)()) const
 .text._ZNK3vex10controller6button8releasedEPFvvE
                0x0000000003802dec      0x108 /Users/ARMY4EVA/Library/Application Support/Code/User/globalStorage/vexrobotics.vexcode/sdk/cpp/V5/V5_20240223_11_00_00/vexv5/libv5rt.a(vex_controller.cpp.obj)
                0x0000000003802dec                vex::controller::button::released(void (*)()) const
 .text._ZNK3vex10controller6button21_buttonToPressedEventEv
                0x0000000003802ef4       0x20 /Users/ARMY4EVA/Library/Application Support/Code/User/globalStorage/vexrobotics.vexcode/sdk/cpp/V5/V5_20240223_11_00_00/vexv5/libv5rt.a(vex_controller.cpp.obj)
                0x0000000003802ef4                vex::controller::button::_buttonToPressedEvent() const
 .text._ZNK3vex10controller6button22_buttonToReleasedEventEv
                0x0000000003802f14       0x20 /Users/ARMY4EVA/Library/Application Support/Code/User/globalStorage/vexrobotics.vexcode/sdk/cpp/V5/V5_20240223_11_00_00/vexv5/libv5rt.a(vex_controller.cpp.obj)
                0x0000000003802f14                vex::controller::button::_buttonToReleasedEvent() const
 .text._ZN3vex10controller6buttonC2ENS0_11tButtonTypeEPS0_
                0x0000000003802f34       0x48 /Users/ARMY4EVA/Library/Application Support/Code/User/globalStorage/vexrobotics.vexcode/sdk/cpp/V5/V5_20240223_11_00_00/vexv5/libv5rt.a(vex_controller.cpp.obj)
                0x0000000003802f34                vex::controller::button::button(vex::controller::tButtonType, vex::controller*)
                0x0000000003802f34                vex::controller::button::button(vex::controller::tButtonType, vex::controller*)
 .text._ZNK3vex10controller4axis5valueEv
                0x0000000003802f7c       0x58 /Users/ARMY4EVA/Library/Application Support/Code/User/globalStorage/vexrobotics.vexcode/sdk/cpp/V5/V5_20240223_11_00_00/vexv5/libv5rt.a(vex_controller.cpp.obj)
                0x0000000003802f7c                vex::controller::axis::value() const
 .text._ZNK3vex10controller4axis8positionENS_12percentUnitsE
                0x0000000003802fd4       0x1c /Users/ARMY4EVA/Library/Application Support/Code/User/globalStorage/vexrobotics.vexcode/sdk/cpp/V5/V5_20240223_11_00_00/vexv5/libv5rt.a(vex_controller.cpp.obj)
                0x0000000003802fd4                vex::controller::axis::position(vex::percentUnits) const
 .text._ZNK3vex10controller4axis23_joystickToChangedEventEv
                0x0000000003802ff0       0x20 /Users/ARMY4EVA/Library/Application Support/Code/User/globalStorage/vexrobotics.vexcode/sdk/cpp/V5/V5_20240223_11_00_00/vexv5/libv5rt.a(vex_controller.cpp.obj)
                0x0000000003802ff0                vex::controller::axis::_joystickToChangedEvent() const
 .text._ZN3vex10controller4axisC2ENS0_9tAxisTypeEPS0_
                0x0000000003803010       0x2c /Users/ARMY4EVA/Library/Application Support/Code/User/globalStorage/vexrobotics.vexcode/sdk/cpp/V5/V5_20240223_11_00_00/vexv5/libv5rt.a(vex_controller.cpp.obj)
                0x0000000003803010                vex::controller::axis::axis(vex::controller::tAxisType, vex::controller*)
                0x0000000003803010                vex::controller::axis::axis(vex::controller::tAxisType, vex::controller*)
 .text._ZN3vex10controllerC2ENS_14controllerTypeE
                0x000000000380303c      0x16c /Users/ARMY4EVA/Library/Application Support/Code/User/globalStorage/vexrobotics.vexcode/sdk/cpp/V5/V5_20240223_11_00_00/vexv5/libv5rt.a(vex_controller.cpp.obj)
                0x000000000380303c                vex::controller::controller(vex::controllerType)
                0x000000000380303c                vex::controller::controller(vex::controllerType)
 .text._ZN3vex4taskC2EPFivE
                0x00000000038031a8       0x5c /Users/ARMY4EVA/Library/Application Support/Code/User/globalStorage/vexrobotics.vexcode/sdk/cpp/V5/V5_20240223_11_00_00/vexv5/libv5rt.a(vex_task.cpp.obj)
                0x00000000038031a8                vex::task::task(int (*)())
                0x00000000038031a8                vex::task::task(int (*)())
 .text._ZN3vex4taskD2Ev
                0x0000000003803204        0x4 /Users/ARMY4EVA/Library/Application Support/Code/User/globalStorage/vexrobotics.vexcode/sdk/cpp/V5/V5_20240223_11_00_00/vexv5/libv5rt.a(vex_task.cpp.obj)
                0x0000000003803204                vex::task::~task()
                0x0000000003803204                vex::task::~task()
 .text._ZN3vex4task4stopEPvi
                0x0000000003803208       0x1c /Users/ARMY4EVA/Library/Application Support/Code/User/globalStorage/vexrobotics.vexcode/sdk/cpp/V5/V5_20240223_11_00_00/vexv5/libv5rt.a(vex_task.cpp.obj)
                0x0000000003803208                vex::task::stop(void*, int)
 .text._ZN3vex4task6_indexEPFivE
                0x0000000003803224       0x14 /Users/ARMY4EVA/Library/Application Support/Code/User/globalStorage/vexrobotics.vexcode/sdk/cpp/V5/V5_20240223_11_00_00/vexv5/libv5rt.a(vex_task.cpp.obj)
                0x0000000003803224                vex::task::_index(int (*)())
 .text._ZN3vex4task8_stopAllEv
                0x0000000003803238       0x3c /Users/ARMY4EVA/Library/Application Support/Code/User/globalStorage/vexrobotics.vexcode/sdk/cpp/V5/V5_20240223_11_00_00/vexv5/libv5rt.a(vex_task.cpp.obj)
                0x0000000003803238                vex::task::_stopAll()
 .text._ZN3vex6threadC2EPFivE
                0x0000000003803274       0x5c /Users/ARMY4EVA/Library/Application Support/Code/User/globalStorage/vexrobotics.vexcode/sdk/cpp/V5/V5_20240223_11_00_00/vexv5/libv5rt.a(vex_thread.cpp.obj)
                0x0000000003803274                vex::thread::thread(int (*)())
                0x0000000003803274                vex::thread::thread(int (*)())
 .text._ZN3vex6threadD2Ev
                0x00000000038032d0        0x4 /Users/ARMY4EVA/Library/Application Support/Code/User/globalStorage/vexrobotics.vexcode/sdk/cpp/V5/V5_20240223_11_00_00/vexv5/libv5rt.a(vex_thread.cpp.obj)
                0x00000000038032d0                vex::thread::~thread()
                0x00000000038032d0                vex::thread::~thread()
 .text._ZN3vex11this_thread9sleep_forEm
                0x00000000038032d4        0x4 /Users/ARMY4EVA/Library/Application Support/Code/User/globalStorage/vexrobotics.vexcode/sdk/cpp/V5/V5_20240223_11_00_00/vexv5/libv5rt.a(vex_thread.cpp.obj)
                0x00000000038032d4                vex::this_thread::sleep_for(unsigned long)
 .text._ZN3vex5event4initEmmPFvvE
                0x00000000038032d8        0x4 /Users/ARMY4EVA/Library/Application Support/Code/User/globalStorage/vexrobotics.vexcode/sdk/cpp/V5/V5_20240223_11_00_00/vexv5/libv5rt.a(vex_event.cpp.obj)
                0x00000000038032d8                vex::event::init(unsigned long, unsigned long, void (*)())
 .text._ZN3vex5event4initEmmPFvPvES1_
                0x00000000038032dc        0x4 /Users/ARMY4EVA/Library/Application Support/Code/User/globalStorage/vexrobotics.vexcode/sdk/cpp/V5/V5_20240223_11_00_00/vexv5/libv5rt.a(vex_event.cpp.obj)
                0x00000000038032dc                vex::event::init(unsigned long, unsigned long, void (*)(void*), void*)
 .text._ZN3vex5event9userindexEv
                0x00000000038032e0        0x4 /Users/ARMY4EVA/Library/Application Support/Code/User/globalStorage/vexrobotics.vexcode/sdk/cpp/V5/V5_20240223_11_00_00/vexv5/libv5rt.a(vex_event.cpp.obj)
                0x00000000038032e0                vex::event::userindex()
 .text._ZZN3vex6meventC4EmmENUlvE_4_FUNEv
                0x00000000038032e4        0x4 /Users/ARMY4EVA/Library/Application Support/Code/User/globalStorage/vexrobotics.vexcode/sdk/cpp/V5/V5_20240223_11_00_00/vexv5/libv5rt.a(vex_mevent.cpp.obj)
 .text._ZN3vex6meventC2Emm
                0x00000000038032e8       0x70 /Users/ARMY4EVA/Library/Application Support/Code/User/globalStorage/vexrobotics.vexcode/sdk/cpp/V5/V5_20240223_11_00_00/vexv5/libv5rt.a(vex_mevent.cpp.obj)
                0x00000000038032e8                vex::mevent::mevent(unsigned long, unsigned long)
                0x00000000038032e8                vex::mevent::mevent(unsigned long, unsigned long)
 .text._ZN3vex5brain9_getIndexEv
                0x0000000003803358       0x10 /Users/ARMY4EVA/Library/Application Support/Code/User/globalStorage/vexrobotics.vexcode/sdk/cpp/V5/V5_20240223_11_00_00/vexv5/libv5rt.a(vex_brain.cpp.obj)
                0x0000000003803358                vex::brain::_getIndex()
 .text._ZN3vex5brain3lcd9setCursorEll
                0x0000000003803368       0x44 /Users/ARMY4EVA/Library/Application Support/Code/User/globalStorage/vexrobotics.vexcode/sdk/cpp/V5/V5_20240223_11_00_00/vexv5/libv5rt.a(vex_brain.cpp.obj)
                0x0000000003803368                vex::brain::lcd::setCursor(long, long)
 .text._ZN3vex5brain3lcd7setFontENS_8fontTypeE
                0x00000000038033ac      0x23c /Users/ARMY4EVA/Library/Application Support/Code/User/globalStorage/vexrobotics.vexcode/sdk/cpp/V5/V5_20240223_11_00_00/vexv5/libv5rt.a(vex_brain.cpp.obj)
                0x00000000038033ac                vex::brain::lcd::setFont(vex::fontType)
 .text._ZN3vex5brain3lcdC2Ev
                0x00000000038035e8       0x94 /Users/ARMY4EVA/Library/Application Support/Code/User/globalStorage/vexrobotics.vexcode/sdk/cpp/V5/V5_20240223_11_00_00/vexv5/libv5rt.a(vex_brain.cpp.obj)
                0x00000000038035e8                vex::brain::lcd::lcd()
                0x00000000038035e8                vex::brain::lcd::lcd()
 .text._ZN3vex5brainC2Ev
                0x000000000380367c       0x3c /Users/ARMY4EVA/Library/Application Support/Code/User/globalStorage/vexrobotics.vexcode/sdk/cpp/V5/V5_20240223_11_00_00/vexv5/libv5rt.a(vex_brain.cpp.obj)
                0x000000000380367c                vex::brain::brain()
                0x000000000380367c                vex::brain::brain()
 .text._ZN3vex5brain3lcd11setPenWidthEm
                0x00000000038036b8       0x24 /Users/ARMY4EVA/Library/Application Support/Code/User/globalStorage/vexrobotics.vexcode/sdk/cpp/V5/V5_20240223_11_00_00/vexv5/libv5rt.a(vex_brain.cpp.obj)
                0x00000000038036b8                vex::brain::lcd::setPenWidth(unsigned long)
 .text._ZN3vex5brain3lcd11setPenColorERKNS_5colorE
                0x00000000038036dc       0x14 /Users/ARMY4EVA/Library/Application Support/Code/User/globalStorage/vexrobotics.vexcode/sdk/cpp/V5/V5_20240223_11_00_00/vexv5/libv5rt.a(vex_brain.cpp.obj)
                0x00000000038036dc                vex::brain::lcd::setPenColor(vex::color const&)
 .text._ZN3vex5brain3lcd12setFillColorERKNS_5colorE
                0x00000000038036f0       0x38 /Users/ARMY4EVA/Library/Application Support/Code/User/globalStorage/vexrobotics.vexcode/sdk/cpp/V5/V5_20240223_11_00_00/vexv5/libv5rt.a(vex_brain.cpp.obj)
                0x00000000038036f0                vex::brain::lcd::setFillColor(vex::color const&)
 .text._ZN3vex5brain3lcd7printAtEllPKcz
                0x0000000003803728       0x54 /Users/ARMY4EVA/Library/Application Support/Code/User/globalStorage/vexrobotics.vexcode/sdk/cpp/V5/V5_20240223_11_00_00/vexv5/libv5rt.a(vex_brain.cpp.obj)
                0x0000000003803728                vex::brain::lcd::printAt(long, long, char const*, ...)
 .text._ZN3vex5brain3lcd12_clearScreenEm
                0x000000000380377c       0x38 /Users/ARMY4EVA/Library/Application Support/Code/User/globalStorage/vexrobotics.vexcode/sdk/cpp/V5/V5_20240223_11_00_00/vexv5/libv5rt.a(vex_brain.cpp.obj)
                0x000000000380377c                vex::brain::lcd::_clearScreen(unsigned long)
 .text._ZN3vex5brain3lcd11clearScreenERKNS_5colorE
                0x00000000038037b4       0x20 /Users/ARMY4EVA/Library/Application Support/Code/User/globalStorage/vexrobotics.vexcode/sdk/cpp/V5/V5_20240223_11_00_00/vexv5/libv5rt.a(vex_brain.cpp.obj)
                0x00000000038037b4                vex::brain::lcd::clearScreen(vex::color const&)
 .text._ZN3vex5brain3lcd11clearScreenEv
                0x00000000038037d4       0x2c /Users/ARMY4EVA/Library/Application Support/Code/User/globalStorage/vexrobotics.vexcode/sdk/cpp/V5/V5_20240223_11_00_00/vexv5/libv5rt.a(vex_brain.cpp.obj)
                0x00000000038037d4                vex::brain::lcd::clearScreen()
 .text._ZN3vex5brain3lcd9drawPixelEii
                0x0000000003803800       0x14 /Users/ARMY4EVA/Library/Application Support/Code/User/globalStorage/vexrobotics.vexcode/sdk/cpp/V5/V5_20240223_11_00_00/vexv5/libv5rt.a(vex_brain.cpp.obj)
                0x0000000003803800                vex::brain::lcd::drawPixel(int, int)
 .text._ZN3vex5brain3lcd8drawLineEiiii
                0x0000000003803814      0x2c4 /Users/ARMY4EVA/Library/Application Support/Code/User/globalStorage/vexrobotics.vexcode/sdk/cpp/V5/V5_20240223_11_00_00/vexv5/libv5rt.a(vex_brain.cpp.obj)
                0x0000000003803814                vex::brain::lcd::drawLine(int, int, int, int)
 .text._ZN3vex5brain3lcd13drawRectangleEiiii
                0x0000000003803ad8       0xdc /Users/ARMY4EVA/Library/Application Support/Code/User/globalStorage/vexrobotics.vexcode/sdk/cpp/V5/V5_20240223_11_00_00/vexv5/libv5rt.a(vex_brain.cpp.obj)
                0x0000000003803ad8                vex::brain::lcd::drawRectangle(int, int, int, int)
 .text._ZN3vex5brain3lcd9xPositionEv
                0x0000000003803bb4       0x24 /Users/ARMY4EVA/Library/Application Support/Code/User/globalStorage/vexrobotics.vexcode/sdk/cpp/V5/V5_20240223_11_00_00/vexv5/libv5rt.a(vex_brain.cpp.obj)
                0x0000000003803bb4                vex::brain::lcd::xPosition()
 .text._ZN3vex5brain3lcd9yPositionEv
                0x0000000003803bd8       0x24 /Users/ARMY4EVA/Library/Application Support/Code/User/globalStorage/vexrobotics.vexcode/sdk/cpp/V5/V5_20240223_11_00_00/vexv5/libv5rt.a(vex_brain.cpp.obj)
                0x0000000003803bd8                vex::brain::lcd::yPosition()
 .text._ZN3vex5brain3lcd7pressedEPFvvE
                0x0000000003803bfc       0x1c /Users/ARMY4EVA/Library/Application Support/Code/User/globalStorage/vexrobotics.vexcode/sdk/cpp/V5/V5_20240223_11_00_00/vexv5/libv5rt.a(vex_brain.cpp.obj)
                0x0000000003803bfc                vex::brain::lcd::pressed(void (*)())
 .text._ZN3vex5brain3lcd20_validateImageBufferEPh
                0x0000000003803c18       0x58 /Users/ARMY4EVA/Library/Application Support/Code/User/globalStorage/vexrobotics.vexcode/sdk/cpp/V5/V5_20240223_11_00_00/vexv5/libv5rt.a(vex_brain.cpp.obj)
                0x0000000003803c18                vex::brain::lcd::_validateImageBuffer(unsigned char*)
 .text._ZN3vex5brain3lcd17drawImageFromFileEPKcii
                0x0000000003803c70      0x264 /Users/ARMY4EVA/Library/Application Support/Code/User/globalStorage/vexrobotics.vexcode/sdk/cpp/V5/V5_20240223_11_00_00/vexv5/libv5rt.a(vex_brain.cpp.obj)
                0x0000000003803c70                vex::brain::lcd::drawImageFromFile(char const*, int, int)
 .text._ZN3vex5brain3lcd10rowToPixelEl
                0x0000000003803ed4       0x34 /Users/ARMY4EVA/Library/Application Support/Code/User/globalStorage/vexrobotics.vexcode/sdk/cpp/V5/V5_20240223_11_00_00/vexv5/libv5rt.a(vex_brain.cpp.obj)
                0x0000000003803ed4                vex::brain::lcd::rowToPixel(long)
 .text._ZN3vex5brain3lcd5printEPKcz
                0x0000000003803f08       0xb8 /Users/ARMY4EVA/Library/Application Support/Code/User/globalStorage/vexrobotics.vexcode/sdk/cpp/V5/V5_20240223_11_00_00/vexv5/libv5rt.a(vex_brain.cpp.obj)
                0x0000000003803f08                vex::brain::lcd::print(char const*, ...)
 .text._ZN3vex5brain7battery8capacityENS_12percentUnitsE
                0x0000000003803fc0       0x18 /Users/ARMY4EVA/Library/Application Support/Code/User/globalStorage/vexrobotics.vexcode/sdk/cpp/V5/V5_20240223_11_00_00/vexv5/libv5rt.a(vex_brain.cpp.obj)
                0x0000000003803fc0                vex::brain::battery::capacity(vex::percentUnits)
 .text._ZN3vex5brainD2Ev
                0x0000000003803fd8       0x20 /Users/ARMY4EVA/Library/Application Support/Code/User/globalStorage/vexrobotics.vexcode/sdk/cpp/V5/V5_20240223_11_00_00/vexv5/libv5rt.a(vex_brain.cpp.obj)
                0x0000000003803fd8                vex::brain::~brain()
                0x0000000003803fd8                vex::brain::~brain()
 .text._ZN3vex11competition8_disableEPv
                0x0000000003803ff8       0xa4 /Users/ARMY4EVA/Library/Application Support/Code/User/globalStorage/vexrobotics.vexcode/sdk/cpp/V5/V5_20240223_11_00_00/vexv5/libv5rt.a(vex_competition.cpp.obj)
                0x0000000003803ff8                vex::competition::_disable(void*)
 .text._ZN3vex11competition11_autonomousEv
                0x000000000380409c       0x80 /Users/ARMY4EVA/Library/Application Support/Code/User/globalStorage/vexrobotics.vexcode/sdk/cpp/V5/V5_20240223_11_00_00/vexv5/libv5rt.a(vex_competition.cpp.obj)
                0x000000000380409c                vex::competition::_autonomous()
 .text._ZN3vex11competition14_drivercontrolEv
                0x000000000380411c       0x80 /Users/ARMY4EVA/Library/Application Support/Code/User/globalStorage/vexrobotics.vexcode/sdk/cpp/V5/V5_20240223_11_00_00/vexv5/libv5rt.a(vex_competition.cpp.obj)
                0x000000000380411c                vex::competition::_drivercontrol()
 .text._ZN3vex11competitionC2Ev
                0x000000000380419c      0x13c /Users/ARMY4EVA/Library/Application Support/Code/User/globalStorage/vexrobotics.vexcode/sdk/cpp/V5/V5_20240223_11_00_00/vexv5/libv5rt.a(vex_competition.cpp.obj)
                0x000000000380419c                vex::competition::competition()
                0x000000000380419c                vex::competition::competition()
 .text._ZN3vex11competitionD2Ev
                0x00000000038042d8        0x4 /Users/ARMY4EVA/Library/Application Support/Code/User/globalStorage/vexrobotics.vexcode/sdk/cpp/V5/V5_20240223_11_00_00/vexv5/libv5rt.a(vex_competition.cpp.obj)
                0x00000000038042d8                vex::competition::~competition()
                0x00000000038042d8                vex::competition::~competition()
 .text._ZN3vex11competition13drivercontrolEPFvvE
                0x00000000038042dc       0x44 /Users/ARMY4EVA/Library/Application Support/Code/User/globalStorage/vexrobotics.vexcode/sdk/cpp/V5/V5_20240223_11_00_00/vexv5/libv5rt.a(vex_competition.cpp.obj)
                0x00000000038042dc                vex::competition::drivercontrol(void (*)())
 .text._ZN3vex7triportD2Ev
                0x0000000003804320       0x38 /Users/ARMY4EVA/Library/Application Support/Code/User/globalStorage/vexrobotics.vexcode/sdk/cpp/V5/V5_20240223_11_00_00/vexv5/libv5rt.a(vex_triport.cpp.obj)
                0x0000000003804320                vex::triport::~triport()
                0x0000000003804320                vex::triport::~triport()
 .text._ZN3vex7triportD0Ev
                0x0000000003804358       0x1c /Users/ARMY4EVA/Library/Application Support/Code/User/globalStorage/vexrobotics.vexcode/sdk/cpp/V5/V5_20240223_11_00_00/vexv5/libv5rt.a(vex_triport.cpp.obj)
                0x0000000003804358                vex::triport::~triport()
 .text._ZN3vex7triport9installedEv
                0x0000000003804374       0x18 /Users/ARMY4EVA/Library/Application Support/Code/User/globalStorage/vexrobotics.vexcode/sdk/cpp/V5/V5_20240223_11_00_00/vexv5/libv5rt.a(vex_triport.cpp.obj)
                0x0000000003804374                vex::triport::installed()
 .text._ZN3vex7triport4portC2ElPS0_
                0x000000000380438c       0x74 /Users/ARMY4EVA/Library/Application Support/Code/User/globalStorage/vexrobotics.vexcode/sdk/cpp/V5/V5_20240223_11_00_00/vexv5/libv5rt.a(vex_triport.cpp.obj)
                0x000000000380438c                vex::triport::port::port(long, vex::triport*)
                0x000000000380438c                vex::triport::port::port(long, vex::triport*)
 .text._ZN3vex7triportC2El
                0x0000000003804400       0xf0 /Users/ARMY4EVA/Library/Application Support/Code/User/globalStorage/vexrobotics.vexcode/sdk/cpp/V5/V5_20240223_11_00_00/vexv5/libv5rt.a(vex_triport.cpp.obj)
                0x0000000003804400                vex::triport::triport(long)
                0x0000000003804400                vex::triport::triport(long)
 .text._ZN3vex5colorD2Ev
                0x00000000038044f0        0x4 /Users/ARMY4EVA/Library/Application Support/Code/User/globalStorage/vexrobotics.vexcode/sdk/cpp/V5/V5_20240223_11_00_00/vexv5/libv5rt.a(vex_color.cpp.obj)
                0x00000000038044f0                vex::color::~color()
                0x00000000038044f0                vex::color::~color()
 .text._ZNK3vex5colorcvmEv
                0x00000000038044f4        0x8 /Users/ARMY4EVA/Library/Application Support/Code/User/globalStorage/vexrobotics.vexcode/sdk/cpp/V5/V5_20240223_11_00_00/vexv5/libv5rt.a(vex_color.cpp.obj)
                0x00000000038044f4                vex::color::operator unsigned long() const
 .text._ZNK3vex5color13isTransparentEv
                0x00000000038044fc        0x8 /Users/ARMY4EVA/Library/Application Support/Code/User/globalStorage/vexrobotics.vexcode/sdk/cpp/V5/V5_20240223_11_00_00/vexv5/libv5rt.a(vex_color.cpp.obj)
                0x00000000038044fc                vex::color::isTransparent() const
 .text.startup._GLOBAL__sub_I__ZN3vex5color5blackE
                0x0000000003804504      0x164 /Users/ARMY4EVA/Library/Application Support/Code/User/globalStorage/vexrobotics.vexcode/sdk/cpp/V5/V5_20240223_11_00_00/vexv5/libv5rt.a(vex_color.cpp.obj)
 .text._ZN3vex5timerD2Ev
                0x0000000003804668        0x4 /Users/ARMY4EVA/Library/Application Support/Code/User/globalStorage/vexrobotics.vexcode/sdk/cpp/V5/V5_20240223_11_00_00/vexv5/libv5rt.a(vex_timer.cpp.obj)
                0x0000000003804668                vex::timer::~timer()
                0x0000000003804668                vex::timer::~timer()
 .text._ZN3vex5timer5clearEv
                0x000000000380466c       0x1c /Users/ARMY4EVA/Library/Application Support/Code/User/globalStorage/vexrobotics.vexcode/sdk/cpp/V5/V5_20240223_11_00_00/vexv5/libv5rt.a(vex_timer.cpp.obj)
                0x000000000380466c                vex::timer::clear()
 .text._ZN3vex5timerC2Ev
                0x0000000003804688       0x14 /Users/ARMY4EVA/Library/Application Support/Code/User/globalStorage/vexrobotics.vexcode/sdk/cpp/V5/V5_20240223_11_00_00/vexv5/libv5rt.a(vex_timer.cpp.obj)
                0x0000000003804688                vex::timer::timer()
                0x0000000003804688                vex::timer::timer()
 .text._ZN3vex11motor_group18motor_group_motorsC2Ev
                0x000000000380469c       0x28 /Users/ARMY4EVA/Library/Application Support/Code/User/globalStorage/vexrobotics.vexcode/sdk/cpp/V5/V5_20240223_11_00_00/vexv5/libv5rt.a(vex_motorgroup.cpp.obj)
                0x000000000380469c                vex::motor_group::motor_group_motors::motor_group_motors()
                0x000000000380469c                vex::motor_group::motor_group_motors::motor_group_motors()
 .text._ZN3vex11motor_group18motor_group_motorsC2ERKS1_
                0x00000000038046c4       0x20 /Users/ARMY4EVA/Library/Application Support/Code/User/globalStorage/vexrobotics.vexcode/sdk/cpp/V5/V5_20240223_11_00_00/vexv5/libv5rt.a(vex_motorgroup.cpp.obj)
                0x00000000038046c4                vex::motor_group::motor_group_motors::motor_group_motors(vex::motor_group::motor_group_motors const&)
                0x00000000038046c4                vex::motor_group::motor_group_motors::motor_group_motors(vex::motor_group::motor_group_motors const&)
 .text._ZN3vex11motor_groupC2Ev
                0x00000000038046e4       0x1c /Users/ARMY4EVA/Library/Application Support/Code/User/globalStorage/vexrobotics.vexcode/sdk/cpp/V5/V5_20240223_11_00_00/vexv5/libv5rt.a(vex_motorgroup.cpp.obj)
                0x00000000038046e4                vex::motor_group::motor_group()
                0x00000000038046e4                vex::motor_group::motor_group()
 .text._ZN3vex11motor_groupD2Ev
                0x0000000003804700        0x4 /Users/ARMY4EVA/Library/Application Support/Code/User/globalStorage/vexrobotics.vexcode/sdk/cpp/V5/V5_20240223_11_00_00/vexv5/libv5rt.a(vex_motorgroup.cpp.obj)
                0x0000000003804700                vex::motor_group::~motor_group()
                0x0000000003804700                vex::motor_group::~motor_group()
 .text._ZN3vex11motor_group9_addMotorEv
                0x0000000003804704        0x4 /Users/ARMY4EVA/Library/Application Support/Code/User/globalStorage/vexrobotics.vexcode/sdk/cpp/V5/V5_20240223_11_00_00/vexv5/libv5rt.a(vex_motorgroup.cpp.obj)
                0x0000000003804704                vex::motor_group::_addMotor()
 .text._ZN3vex11motor_group9_addMotorERNS_5motorE
                0x0000000003804708       0x20 /Users/ARMY4EVA/Library/Application Support/Code/User/globalStorage/vexrobotics.vexcode/sdk/cpp/V5/V5_20240223_11_00_00/vexv5/libv5rt.a(vex_motorgroup.cpp.obj)
                0x0000000003804708                vex::motor_group::_addMotor(vex::motor&)
 .text._ZN3vex11motor_group11setVelocityEdNS_13velocityUnitsE
                0x0000000003804728       0x4c /Users/ARMY4EVA/Library/Application Support/Code/User/globalStorage/vexrobotics.vexcode/sdk/cpp/V5/V5_20240223_11_00_00/vexv5/libv5rt.a(vex_motorgroup.cpp.obj)
                0x0000000003804728                vex::motor_group::setVelocity(double, vex::velocityUnits)
 .text._ZN3vex11motor_group11setStoppingENS_9brakeTypeE
                0x0000000003804774       0x38 /Users/ARMY4EVA/Library/Application Support/Code/User/globalStorage/vexrobotics.vexcode/sdk/cpp/V5/V5_20240223_11_00_00/vexv5/libv5rt.a(vex_motorgroup.cpp.obj)
                0x0000000003804774                vex::motor_group::setStopping(vex::brakeType)
 .text._ZN3vex11motor_group4spinENS_13directionTypeE
                0x00000000038047ac       0x38 /Users/ARMY4EVA/Library/Application Support/Code/User/globalStorage/vexrobotics.vexcode/sdk/cpp/V5/V5_20240223_11_00_00/vexv5/libv5rt.a(vex_motorgroup.cpp.obj)
                0x00000000038047ac                vex::motor_group::spin(vex::directionType)
 .text._ZN3vex11motor_group4spinENS_13directionTypeEdNS_13velocityUnitsE
                0x00000000038047e4       0x54 /Users/ARMY4EVA/Library/Application Support/Code/User/globalStorage/vexrobotics.vexcode/sdk/cpp/V5/V5_20240223_11_00_00/vexv5/libv5rt.a(vex_motorgroup.cpp.obj)
                0x00000000038047e4                vex::motor_group::spin(vex::directionType, double, vex::velocityUnits)
 .text._ZN3vex11motor_group10isSpinningEv
                0x0000000003804838       0x40 /Users/ARMY4EVA/Library/Application Support/Code/User/globalStorage/vexrobotics.vexcode/sdk/cpp/V5/V5_20240223_11_00_00/vexv5/libv5rt.a(vex_motorgroup.cpp.obj)
                0x0000000003804838                vex::motor_group::isSpinning()
 .text._ZN3vex11motor_group6isDoneEv
                0x0000000003804878       0x14 /Users/ARMY4EVA/Library/Application Support/Code/User/globalStorage/vexrobotics.vexcode/sdk/cpp/V5/V5_20240223_11_00_00/vexv5/libv5rt.a(vex_motorgroup.cpp.obj)
                0x0000000003804878                vex::motor_group::isDone()
 .text._ZN3vex11motor_group14isSpinningModeEv
                0x000000000380488c       0x40 /Users/ARMY4EVA/Library/Application Support/Code/User/globalStorage/vexrobotics.vexcode/sdk/cpp/V5/V5_20240223_11_00_00/vexv5/libv5rt.a(vex_motorgroup.cpp.obj)
                0x000000000380488c                vex::motor_group::isSpinningMode()
 .text._ZN3vex11motor_group4stopEv
                0x00000000038048cc       0x30 /Users/ARMY4EVA/Library/Application Support/Code/User/globalStorage/vexrobotics.vexcode/sdk/cpp/V5/V5_20240223_11_00_00/vexv5/libv5rt.a(vex_motorgroup.cpp.obj)
                0x00000000038048cc                vex::motor_group::stop()
 .text._ZN3vex11motor_group12setMaxTorqueEdNS_12percentUnitsE
                0x00000000038048fc       0x4c /Users/ARMY4EVA/Library/Application Support/Code/User/globalStorage/vexrobotics.vexcode/sdk/cpp/V5/V5_20240223_11_00_00/vexv5/libv5rt.a(vex_motorgroup.cpp.obj)
                0x00000000038048fc                vex::motor_group::setMaxTorque(double, vex::percentUnits)
 .text._ZN3vex11motor_group11temperatureENS_12percentUnitsE
                0x0000000003804948        0xc /Users/ARMY4EVA/Library/Application Support/Code/User/globalStorage/vexrobotics.vexcode/sdk/cpp/V5/V5_20240223_11_00_00/vexv5/libv5rt.a(vex_motorgroup.cpp.obj)
                0x0000000003804948                vex::motor_group::temperature(vex::percentUnits)
 .text._ZN3vex11motor_group20waitForCompletionAllEv
                0x0000000003804954       0x60 /Users/ARMY4EVA/Library/Application Support/Code/User/globalStorage/vexrobotics.vexcode/sdk/cpp/V5/V5_20240223_11_00_00/vexv5/libv5rt.a(vex_motorgroup.cpp.obj)
                0x0000000003804954                vex::motor_group::waitForCompletionAll()
 .text._ZN3vex11motor_group7spinForENS_13directionTypeEdNS_13rotationUnitsEdNS_13velocityUnitsEb
                0x00000000038049b4       0xa8 /Users/ARMY4EVA/Library/Application Support/Code/User/globalStorage/vexrobotics.vexcode/sdk/cpp/V5/V5_20240223_11_00_00/vexv5/libv5rt.a(vex_motorgroup.cpp.obj)
                0x00000000038049b4                vex::motor_group::spinFor(vex::directionType, double, vex::rotationUnits, double, vex::velocityUnits, bool)
 .text._ZN3vex11motor_group7spinForENS_13directionTypeEdNS_13rotationUnitsEb
                0x0000000003804a5c       0x80 /Users/ARMY4EVA/Library/Application Support/Code/User/globalStorage/vexrobotics.vexcode/sdk/cpp/V5/V5_20240223_11_00_00/vexv5/libv5rt.a(vex_motorgroup.cpp.obj)
                0x0000000003804a5c                vex::motor_group::spinFor(vex::directionType, double, vex::rotationUnits, bool)
 .text._ZN3vex10drivetrainD2Ev
                0x0000000003804adc       0x28 /Users/ARMY4EVA/Library/Application Support/Code/User/globalStorage/vexrobotics.vexcode/sdk/cpp/V5/V5_20240223_11_00_00/vexv5/libv5rt.a(vex_drivetrain.cpp.obj)
                0x0000000003804adc                vex::drivetrain::~drivetrain()
                0x0000000003804adc                vex::drivetrain::~drivetrain()
 .text._ZN3vex10drivetrainD0Ev
                0x0000000003804b04       0x1c /Users/ARMY4EVA/Library/Application Support/Code/User/globalStorage/vexrobotics.vexcode/sdk/cpp/V5/V5_20240223_11_00_00/vexv5/libv5rt.a(vex_drivetrain.cpp.obj)
                0x0000000003804b04                vex::drivetrain::~drivetrain()
 .text._ZN3vex10drivetrain8isMovingEv
                0x0000000003804b20       0x24 /Users/ARMY4EVA/Library/Application Support/Code/User/globalStorage/vexrobotics.vexcode/sdk/cpp/V5/V5_20240223_11_00_00/vexv5/libv5rt.a(vex_drivetrain.cpp.obj)
                0x0000000003804b20                vex::drivetrain::isMoving()
 .text._ZN3vex10drivetrain16setDriveVelocityEdNS_13velocityUnitsE
                0x0000000003804b44       0x48 /Users/ARMY4EVA/Library/Application Support/Code/User/globalStorage/vexrobotics.vexcode/sdk/cpp/V5/V5_20240223_11_00_00/vexv5/libv5rt.a(vex_drivetrain.cpp.obj)
                0x0000000003804b44                vex::drivetrain::setDriveVelocity(double, vex::velocityUnits)
 *fill*         0x0000000003804b8c        0x4 
 .text._ZN3vex10drivetrain12setGearRatioEd
                0x0000000003804b90       0x54 /Users/ARMY4EVA/Library/Application Support/Code/User/globalStorage/vexrobotics.vexcode/sdk/cpp/V5/V5_20240223_11_00_00/vexv5/libv5rt.a(vex_drivetrain.cpp.obj)
                0x0000000003804b90                vex::drivetrain::setGearRatio(double)
 .text._ZN3vex10drivetrain4turnENS_8turnTypeE
                0x0000000003804be4       0x50 /Users/ARMY4EVA/Library/Application Support/Code/User/globalStorage/vexrobotics.vexcode/sdk/cpp/V5/V5_20240223_11_00_00/vexv5/libv5rt.a(vex_drivetrain.cpp.obj)
                0x0000000003804be4                vex::drivetrain::turn(vex::turnType)
 .text._ZN3vex10drivetrain15setTurnVelocityEdNS_13velocityUnitsE
                0x0000000003804c34       0x28 /Users/ARMY4EVA/Library/Application Support/Code/User/globalStorage/vexrobotics.vexcode/sdk/cpp/V5/V5_20240223_11_00_00/vexv5/libv5rt.a(vex_drivetrain.cpp.obj)
                0x0000000003804c34                vex::drivetrain::setTurnVelocity(double, vex::velocityUnits)
 .text._ZN3vex10drivetrain6isDoneEv
                0x0000000003804c5c       0x14 /Users/ARMY4EVA/Library/Application Support/Code/User/globalStorage/vexrobotics.vexcode/sdk/cpp/V5/V5_20240223_11_00_00/vexv5/libv5rt.a(vex_drivetrain.cpp.obj)
                0x0000000003804c5c                vex::drivetrain::isDone()
 .text._ZN3vex10drivetrain4stopEv
                0x0000000003804c70       0x24 /Users/ARMY4EVA/Library/Application Support/Code/User/globalStorage/vexrobotics.vexcode/sdk/cpp/V5/V5_20240223_11_00_00/vexv5/libv5rt.a(vex_drivetrain.cpp.obj)
                0x0000000003804c70                vex::drivetrain::stop()
 .text._ZN3vex10drivetrain21_waitForCompletionAllEv
                0x0000000003804c94       0x80 /Users/ARMY4EVA/Library/Application Support/Code/User/globalStorage/vexrobotics.vexcode/sdk/cpp/V5/V5_20240223_11_00_00/vexv5/libv5rt.a(vex_drivetrain.cpp.obj)
                0x0000000003804c94                vex::drivetrain::_waitForCompletionAll()
 *fill*         0x0000000003804d14        0x4 
 .text._ZN3vex10drivetrain12distanceToMmEdNS_13distanceUnitsE
                0x0000000003804d18       0x38 /Users/ARMY4EVA/Library/Application Support/Code/User/globalStorage/vexrobotics.vexcode/sdk/cpp/V5/V5_20240223_11_00_00/vexv5/libv5rt.a(vex_drivetrain.cpp.obj)
                0x0000000003804d18                vex::drivetrain::distanceToMm(double, vex::distanceUnits)
 .text._ZN3vex10drivetrainC2ERNS_11motor_groupES2_dddNS_13distanceUnitsEd
                0x0000000003804d50      0x110 /Users/ARMY4EVA/Library/Application Support/Code/User/globalStorage/vexrobotics.vexcode/sdk/cpp/V5/V5_20240223_11_00_00/vexv5/libv5rt.a(vex_drivetrain.cpp.obj)
                0x0000000003804d50                vex::drivetrain::drivetrain(vex::motor_group&, vex::motor_group&, double, double, double, vex::distanceUnits, double)
                0x0000000003804d50                vex::drivetrain::drivetrain(vex::motor_group&, vex::motor_group&, double, double, double, vex::distanceUnits, double)
 .text._ZN3vex10drivetrain14distanceToRevsEdNS_13distanceUnitsE
                0x0000000003804e60       0x34 /Users/ARMY4EVA/Library/Application Support/Code/User/globalStorage/vexrobotics.vexcode/sdk/cpp/V5/V5_20240223_11_00_00/vexv5/libv5rt.a(vex_drivetrain.cpp.obj)
                0x0000000003804e60                vex::drivetrain::distanceToRevs(double, vex::distanceUnits)
 .text._ZN3vex10drivetrain8driveForENS_13directionTypeEdNS_13distanceUnitsEb
                0x0000000003804e94       0x90 /Users/ARMY4EVA/Library/Application Support/Code/User/globalStorage/vexrobotics.vexcode/sdk/cpp/V5/V5_20240223_11_00_00/vexv5/libv5rt.a(vex_drivetrain.cpp.obj)
                0x0000000003804e94                vex::drivetrain::driveFor(vex::directionType, double, vex::distanceUnits, bool)
 .text._ZN3vex10drivetrain8driveForEdNS_13distanceUnitsEb
                0x0000000003804f24       0x10 /Users/ARMY4EVA/Library/Application Support/Code/User/globalStorage/vexrobotics.vexcode/sdk/cpp/V5/V5_20240223_11_00_00/vexv5/libv5rt.a(vex_drivetrain.cpp.obj)
                0x0000000003804f24                vex::drivetrain::driveFor(double, vex::distanceUnits, bool)
 .text._ZN3vex10drivetrain8driveForENS_13directionTypeEdNS_13distanceUnitsEdNS_13velocityUnitsEb
                0x0000000003804f34       0xc8 /Users/ARMY4EVA/Library/Application Support/Code/User/globalStorage/vexrobotics.vexcode/sdk/cpp/V5/V5_20240223_11_00_00/vexv5/libv5rt.a(vex_drivetrain.cpp.obj)
                0x0000000003804f34                vex::drivetrain::driveFor(vex::directionType, double, vex::distanceUnits, double, vex::velocityUnits, bool)
 .text._ZN3vex10drivetrain8driveForEdNS_13distanceUnitsEdNS_13velocityUnitsEb
                0x0000000003804ffc       0x18 /Users/ARMY4EVA/Library/Application Support/Code/User/globalStorage/vexrobotics.vexcode/sdk/cpp/V5/V5_20240223_11_00_00/vexv5/libv5rt.a(vex_drivetrain.cpp.obj)
                0x0000000003804ffc                vex::drivetrain::driveFor(double, vex::distanceUnits, double, vex::velocityUnits, bool)
 *fill*         0x0000000003805014        0x4 
 .text._ZN3vex10drivetrain11angleToRevsEdNS_13rotationUnitsE
                0x0000000003805018       0x98 /Users/ARMY4EVA/Library/Application Support/Code/User/globalStorage/vexrobotics.vexcode/sdk/cpp/V5/V5_20240223_11_00_00/vexv5/libv5rt.a(vex_drivetrain.cpp.obj)
                0x0000000003805018                vex::drivetrain::angleToRevs(double, vex::rotationUnits)
 .text._ZN3vex10drivetrain7turnForENS_8turnTypeEdNS_13rotationUnitsEb
                0x00000000038050b0       0xbc /Users/ARMY4EVA/Library/Application Support/Code/User/globalStorage/vexrobotics.vexcode/sdk/cpp/V5/V5_20240223_11_00_00/vexv5/libv5rt.a(vex_drivetrain.cpp.obj)
                0x00000000038050b0                vex::drivetrain::turnFor(vex::turnType, double, vex::rotationUnits, bool)
 .text._ZN3vex10drivetrain7turnForEdNS_13rotationUnitsEb
                0x000000000380516c       0x10 /Users/ARMY4EVA/Library/Application Support/Code/User/globalStorage/vexrobotics.vexcode/sdk/cpp/V5/V5_20240223_11_00_00/vexv5/libv5rt.a(vex_drivetrain.cpp.obj)
                0x000000000380516c                vex::drivetrain::turnFor(double, vex::rotationUnits, bool)
 .text._ZN3vex10drivetrain7turnForENS_8turnTypeEdNS_13rotationUnitsEdNS_13velocityUnitsEb
                0x000000000380517c       0xd0 /Users/ARMY4EVA/Library/Application Support/Code/User/globalStorage/vexrobotics.vexcode/sdk/cpp/V5/V5_20240223_11_00_00/vexv5/libv5rt.a(vex_drivetrain.cpp.obj)
                0x000000000380517c                vex::drivetrain::turnFor(vex::turnType, double, vex::rotationUnits, double, vex::velocityUnits, bool)
 .text._ZN3vex10drivetrain7turnForEdNS_13rotationUnitsEdNS_13velocityUnitsEb
                0x000000000380524c       0x18 /Users/ARMY4EVA/Library/Application Support/Code/User/globalStorage/vexrobotics.vexcode/sdk/cpp/V5/V5_20240223_11_00_00/vexv5/libv5rt.a(vex_drivetrain.cpp.obj)
                0x000000000380524c                vex::drivetrain::turnFor(double, vex::rotationUnits, double, vex::velocityUnits, bool)
 .text.vexMotorVelocitySet
                0x0000000003805264       0x20 /Users/ARMY4EVA/Library/Application Support/Code/User/globalStorage/vexrobotics.vexcode/sdk/cpp/V5/V5_20240223_11_00_00/vexv5/libv5rt.a(v5_apiuser.c.obj)
                0x0000000003805264                vexMotorVelocitySet
 .text.vexMotorVelocityGet
                0x0000000003805284       0x18 /Users/ARMY4EVA/Library/Application Support/Code/User/globalStorage/vexrobotics.vexcode/sdk/cpp/V5/V5_20240223_11_00_00/vexv5/libv5rt.a(v5_apiuser.c.obj)
                0x0000000003805284                vexMotorVelocityGet
 .text.vexMotorActualVelocityGet
                0x000000000380529c       0x24 /Users/ARMY4EVA/Library/Application Support/Code/User/globalStorage/vexrobotics.vexcode/sdk/cpp/V5/V5_20240223_11_00_00/vexv5/libv5rt.a(v5_apiuser.c.obj)
                0x000000000380529c                vexMotorActualVelocityGet
 .text.vexMotorModeGet
                0x00000000038052c0       0x18 /Users/ARMY4EVA/Library/Application Support/Code/User/globalStorage/vexrobotics.vexcode/sdk/cpp/V5/V5_20240223_11_00_00/vexv5/libv5rt.a(v5_apiuser.c.obj)
                0x00000000038052c0                vexMotorModeGet
 .text.vexMotorCurrentLimitSet
                0x00000000038052d8       0x20 /Users/ARMY4EVA/Library/Application Support/Code/User/globalStorage/vexrobotics.vexcode/sdk/cpp/V5/V5_20240223_11_00_00/vexv5/libv5rt.a(v5_apiuser.c.obj)
                0x00000000038052d8                vexMotorCurrentLimitSet
 .text.vexMotorTemperatureGet
                0x00000000038052f8       0x24 /Users/ARMY4EVA/Library/Application Support/Code/User/globalStorage/vexrobotics.vexcode/sdk/cpp/V5/V5_20240223_11_00_00/vexv5/libv5rt.a(v5_apiuser.c.obj)
                0x00000000038052f8                vexMotorTemperatureGet
 .text.vexMotorZeroPositionFlagGet
                0x000000000380531c       0x18 /Users/ARMY4EVA/Library/Application Support/Code/User/globalStorage/vexrobotics.vexcode/sdk/cpp/V5/V5_20240223_11_00_00/vexv5/libv5rt.a(v5_apiuser.c.obj)
                0x000000000380531c                vexMotorZeroPositionFlagGet
 .text.vexMotorReverseFlagSet
                0x0000000003805334       0x20 /Users/ARMY4EVA/Library/Application Support/Code/User/globalStorage/vexrobotics.vexcode/sdk/cpp/V5/V5_20240223_11_00_00/vexv5/libv5rt.a(v5_apiuser.c.obj)
                0x0000000003805334                vexMotorReverseFlagSet
 .text.vexMotorEncoderUnitsSet
                0x0000000003805354       0x20 /Users/ARMY4EVA/Library/Application Support/Code/User/globalStorage/vexrobotics.vexcode/sdk/cpp/V5/V5_20240223_11_00_00/vexv5/libv5rt.a(v5_apiuser.c.obj)
                0x0000000003805354                vexMotorEncoderUnitsSet
 .text.vexMotorBrakeModeSet
                0x0000000003805374       0x20 /Users/ARMY4EVA/Library/Application Support/Code/User/globalStorage/vexrobotics.vexcode/sdk/cpp/V5/V5_20240223_11_00_00/vexv5/libv5rt.a(v5_apiuser.c.obj)
                0x0000000003805374                vexMotorBrakeModeSet
 .text.vexMotorPositionSet
                0x0000000003805394       0x28 /Users/ARMY4EVA/Library/Application Support/Code/User/globalStorage/vexrobotics.vexcode/sdk/cpp/V5/V5_20240223_11_00_00/vexv5/libv5rt.a(v5_apiuser.c.obj)
                0x0000000003805394                vexMotorPositionSet
 .text.vexMotorRelativeTargetSet
                0x00000000038053bc       0x30 /Users/ARMY4EVA/Library/Application Support/Code/User/globalStorage/vexrobotics.vexcode/sdk/cpp/V5/V5_20240223_11_00_00/vexv5/libv5rt.a(v5_apiuser.c.obj)
                0x00000000038053bc                vexMotorRelativeTargetSet
 .text.vexMotorGearingSet
                0x00000000038053ec       0x20 /Users/ARMY4EVA/Library/Application Support/Code/User/globalStorage/vexrobotics.vexcode/sdk/cpp/V5/V5_20240223_11_00_00/vexv5/libv5rt.a(v5_apiuser.c.obj)
                0x00000000038053ec                vexMotorGearingSet
 .text.vexMotorGearingGet
                0x000000000380540c       0x18 /Users/ARMY4EVA/Library/Application Support/Code/User/globalStorage/vexrobotics.vexcode/sdk/cpp/V5/V5_20240223_11_00_00/vexv5/libv5rt.a(v5_apiuser.c.obj)
                0x000000000380540c                vexMotorGearingGet
 .text.vexImuReset
                0x0000000003805424       0x10 /Users/ARMY4EVA/Library/Application Support/Code/User/globalStorage/vexrobotics.vexcode/sdk/cpp/V5/V5_20240223_11_00_00/vexv5/libv5rt.a(v5_apiuser.c.obj)
                0x0000000003805424                vexImuReset
 .text.vexImuHeadingGet
                0x0000000003805434       0x10 /Users/ARMY4EVA/Library/Application Support/Code/User/globalStorage/vexrobotics.vexcode/sdk/cpp/V5/V5_20240223_11_00_00/vexv5/libv5rt.a(v5_apiuser.c.obj)
                0x0000000003805434                vexImuHeadingGet
 .text.vexImuDegreesGet
                0x0000000003805444       0x10 /Users/ARMY4EVA/Library/Application Support/Code/User/globalStorage/vexrobotics.vexcode/sdk/cpp/V5/V5_20240223_11_00_00/vexv5/libv5rt.a(v5_apiuser.c.obj)
                0x0000000003805444                vexImuDegreesGet
 .text.vexImuStatusGet
                0x0000000003805454       0x10 /Users/ARMY4EVA/Library/Application Support/Code/User/globalStorage/vexrobotics.vexcode/sdk/cpp/V5/V5_20240223_11_00_00/vexv5/libv5rt.a(v5_apiuser.c.obj)
                0x0000000003805454                vexImuStatusGet
 .text.vexEventMaskSet
                0x0000000003805464       0x28 /Users/ARMY4EVA/Library/Application Support/Code/User/globalStorage/vexrobotics.vexcode/sdk/cpp/V5/V5_20240223_11_00_00/vexv5/libv5rt.a(v5_apiuser.c.obj)
                0x0000000003805464                vexEventMaskSet
 .text.vexEventMaskGet
                0x000000000380548c       0x18 /Users/ARMY4EVA/Library/Application Support/Code/User/globalStorage/vexrobotics.vexcode/sdk/cpp/V5/V5_20240223_11_00_00/vexv5/libv5rt.a(v5_apiuser.c.obj)
                0x000000000380548c                vexEventMaskGet
 .text._ZN3vex6deviceD2Ev
                0x00000000038054a4        0x4 /Users/ARMY4EVA/Library/Application Support/Code/User/globalStorage/vexrobotics.vexcode/sdk/cpp/V5/V5_20240223_11_00_00/vexv5/libv5rt.a(vex_device.cpp.obj)
                0x00000000038054a4                vex::device::~device()
                0x00000000038054a4                vex::device::~device()
 .text._ZN3vex6device5valueEv
                0x00000000038054a8        0x8 /Users/ARMY4EVA/Library/Application Support/Code/User/globalStorage/vexrobotics.vexcode/sdk/cpp/V5/V5_20240223_11_00_00/vexv5/libv5rt.a(vex_device.cpp.obj)
                0x00000000038054a8                vex::device::value()
 .text._ZN3vex6deviceD0Ev
                0x00000000038054b0       0x14 /Users/ARMY4EVA/Library/Application Support/Code/User/globalStorage/vexrobotics.vexcode/sdk/cpp/V5/V5_20240223_11_00_00/vexv5/libv5rt.a(vex_device.cpp.obj)
                0x00000000038054b0                vex::device::~device()
 .text._ZN3vex6device4initEl
                0x00000000038054c4       0x30 /Users/ARMY4EVA/Library/Application Support/Code/User/globalStorage/vexrobotics.vexcode/sdk/cpp/V5/V5_20240223_11_00_00/vexv5/libv5rt.a(vex_device.cpp.obj)
                0x00000000038054c4                vex::device::init(long)
 .text._ZN3vex6deviceC2El
                0x00000000038054f4       0x20 /Users/ARMY4EVA/Library/Application Support/Code/User/globalStorage/vexrobotics.vexcode/sdk/cpp/V5/V5_20240223_11_00_00/vexv5/libv5rt.a(vex_device.cpp.obj)
                0x00000000038054f4                vex::device::device(long)
                0x00000000038054f4                vex::device::device(long)
 .text._ZN3vex6device4typeEv
                0x0000000003805514       0x10 /Users/ARMY4EVA/Library/Application Support/Code/User/globalStorage/vexrobotics.vexcode/sdk/cpp/V5/V5_20240223_11_00_00/vexv5/libv5rt.a(vex_device.cpp.obj)
                0x0000000003805514                vex::device::type()
 .text._ZN3vex6device9installedEv
                0x0000000003805524       0x14 /Users/ARMY4EVA/Library/Application Support/Code/User/globalStorage/vexrobotics.vexcode/sdk/cpp/V5/V5_20240223_11_00_00/vexv5/libv5rt.a(vex_device.cpp.obj)
                0x0000000003805524                vex::device::installed()
 .text.__libc_fini_array
                0x0000000003805538       0x30 /Users/ARMY4EVA/Library/Application Support/Code/User/globalStorage/vexrobotics.vexcode/sdk/cpp/V5/V5_20240223_11_00_00/vexv5/gcc/libs/libc.a(lib_a-fini.o)